297 Valencia Interchange
9 de Julio Avenue
Ābdarra Road
Ano Nuevo Trail
Arcola Ferry (historical)
Aurora Ferry
Autopista Caracas-Valencia
Autopista Rosario - Cordoba
Autopista Valencia Puerto Cabello
Avenida Circunvalacion
Avenida de Mayo
Avenida Eva Peron (Ex Cordoba)
Avenidas Jonte y Nazca
Avenidas Juan B. Justo y Nazca
Avenue de La Liberte
Ave Nueve de Octubre
Avenue Victor Hugo
Av. Francia - Pedro Montt
Bancos Loop
Bando Lar
Barranca de Hueyetlaco
Beadon Road
Bolvar-e Enqelab
Bolvar-e Enqelab-e Eslami
Bolvar-e Taleqani
Boqueron
Boquerón
Borgmastareporten
Bozorgrāh-e Modarres
Bride Lane
Buena Vista Ferry (historical)
Buto Godar Lar
Buto Gudar Lar
Calle Balcarce
Camargo Ferry (historical)
Cambridge Circus
Cami de Claror
Cami de Coll de Turer
Cami de Comallempla
Cami de Fontargent
Cami de Juclar
Cami de la Borda del Cosp
Cami de la Collada de Ferreroles
Cami de la Collada de la Maiana
Cami de la Collada d'Enradort
Cami de la Collada de Sanfons
Cami de la Llobatera
Cami de la Plana
Cami de la Solana
Cami de la Tallada
Cami del Cortal de la Serra
Cami de l' Ensegur
Cami de les Marrades
Cami de l' Estany de la Nou
Cami del Pi de la Creu
Cami del Pla de les Pedres
Cami del Port de Setut
Cami dels Estanys
Cami del Sisquero
Cami dels Matxos
Cami dels Plans
Cami d' Escas
Cami de Sedornet
Cami de Sispony
Camino a Majaguilla
Camino de La Carretera
Camino de la Cordialidad
Camino de La Costa
Camino del Diablo
Camino Del Diablo
Camino del Faro
Camino de los Siete Lagos
Camino de Munoz
Camino Madden
Camino Real de la Costa
Camino Real de la Habana
Camino Real del Medio
Camino Real Viejo de Cienfuegos
Camino Santa Fe San Pedro
Campana y Camarones
Campos Eliseos
Campos Elíseos
Canada del Oro Four
Canton Exit
Caopie
Caperton Ferry
Carrefour de Tsararano
Carrerada del Forn
Carrera de Dalt
Carrera del Mig
Carrera del Sola
Carrera de Montaup
Carretera a Topes de Collantes
Carretera Borinquen
Carretera de Canolic
Carretera de la Comella
Carretera de la Juberrussa
Carretera de l' Aldosa
Carretera de la Peguera
Carretera de la Rabassa
Carretera de l' Estall
Carretera del Mas d'Alins
Carretera dels Cortals
Carretera de Nagol
Carretera d' Engolasters
Carretera de Santa Barbara
Carretera de Seturia
Carretera El Cajuil
Carretera Encortesa
Carretera Falcon-Zulia
Carretera General Martin Guemes
Carretera General Numero Duo
Carretera General Numero Tres
Carretera General Numero Un
Carretera Juan de Garay
Carretera Lara-Zulia
Carretera Troncal de Occidente
Carreterra Duarte
Cascade Tunnel
Casco Bay Ferry
Central Molo Feeder Road
Cerro Gordo Ferry (historical)
Chareaa el Anouar
Circular Quay
Circus Place
Corredor Turistico de Los Cabos
Cotaco Ferry (historical)
Cruce de Hacienda Vieja, Curridabat
Crucero de Malta
Crucero El Totumo
Crucero La Union
Cruces Las Torres
Cunard Place
Darb el-Mscauuta
Darb el-Sultan
Digue Yiyi
Drecera de Sant Marti
Duwa Road End - Comunicamos.EU
El Capitan Trail
El Dorado Interchange
Eldridge Grade
Electra Tunnel
El Fkhit
Elgon Central Road
Elgon Soy Road
El Guerarib
El Kanntra
El Magta
El Mágta
El Mhafir
El-Mlaghi
El-Mugtáa
El Puente
El Rada Trail
El Roda
El Roḍa
Elsbos
El Toro Trail
El Tunel Internacional de Caracoles
El Túnel Internacional de Caracoles
El Viejo Expreso Patagonico
Empalme Ayacucho
Empalme Canuelas
Empalme Cañuelas
Empalme Crucecita
Empalme La Barrancosa
Empalme Querandies
Empalme San Carlos
Entronque Ciego
Entronque de Choricera y Cauto
Entronque de Cuba y Cauto
Entronque Guanaibas
Entronque Jaguey
Entronque Mora
Entronque Oriente
Entronque Rincon
Entronque San Eduardo
Entronque Tacamara
Entronque Victoria
Entronque Yarigua
ESPLANADA
Esplanade
Estacion de Trenes
Estacion Empalme
Estación Empalme
Estacion Empalme Magdalena
Estación Empalme Magdalena
Estacion Metro Agua Salud
Ferrocarril Antofagasta a Salta
Ferrocarril Arica a la Paz
Ferrocarril Bosques de Chihuahua
Ferrocarril Chihuahua al Pacifico
Ferrocarril Coahuila y Zacatecas
Ferrocarril de Chihuahua al Pacifico
Ferrocarril del Atlantico
Ferrocarril del Pacifico
Ferrocarril de Nacozari
Ferrocarril Domingo Faustino Sarmiento
Ferrocarril el Potosi
Ferrocarril Empalme-Aguada-Las Carpas
Ferrocarriles del Estado
Ferrocarriles Nacionales de Colombia
Ferrocarriles Nacionales de Mexico
Ferrocarril General Belgrano
Ferrocarril General Roca
Ferrocarril General San Martin
Ferrocarril General Urquiza
Ferrocarril Guanta Naricual
Ferrocarril La Perla
Ferrocarril Mexicano Del Norte
Ferrocarril Nacional de Chiriqui
Ferrocarril Presidente Carlos A Lopez
Ferrocarril Sonora-Baja California
Ferrocarril Sur Pacifico
Ferrocarril Uyuni
Fortescue Road
Fundo Viejo
Gabriel Portage
Galleria del Frejus
Gara Muncel
Gare de triage de Paris-Tolbiac
Gaspar Rodriguez de Francia
Glacier Pass
Glacier Trail
Glacier Valley Glade Area Ski Trail
Glacier Way
Guyin Sueidao
Hacienda Tunnel
haesanteoneol
Huai’en Sueidao
Jacobs Ladder
Khiaban-e Esteqlal
Khiaban-e Felestin
Khiaban-e Modarres
Laguna Meadows - Pinnacles Trail
Lambs Ferry
Lede Xian
Lo A
Lo B
Lo C
Lo P
Lo S
Los Alamitos Circle
Los Caballos Trail
Madison Gulf
Mafraq el Hamra
Malecon
Mandica Cesta
Marrades del Bruig
Marrades del Siscar
Marrades de Sorteny
Màsrab el-Gebèl
Masrab el Gedaria
Másrab el Gedaría
Merrimac Ferry
Meydan-e Esteqlal
Meydān-e Esteqlāl
Minquan Suidao
Mirad el-Menselem
Molo Central Feeder Road
Musallas el Roda
Nad Vinici
Na Sancich
Ndolos Corner
Nunez Ferry (historical)
Oleoducto Rio Zulia-Santa Marta
Oleoducto Sagoc
Oleoducto Sicasica-Arica
Oleoducto Submarino Sagoc
Pas del Xic
Paseo 21 de Mayo
Paseo del Morro
Paso del Guanayara
Pilarcitos Tunnel
Ponderosa Way
Praca de Londres Nº 11
Presidential Way
Puente Carrion
Puente Rosario - Victoria
Puerco Espin Trail
Qoteat el Ouadi
Rancho Nuevo Trail
Rasūl Bux Palejo Road
Rechuelos Trail
Recreacion Nacional Sendero de las Vientos
ren de jiao liu dao
Rende Jiaoliudao
Resaca Ferry (historical)
Rio en Medio Trail
Rio Rico Calabasas Interchange
Rito Anastacio
roque perez 3900 (esq. Garcia del Rio)
Roy Guerrero Colorado River Park Trail
Rua de Entrecampos N.º 14
Rua Dos Eucaliptos
Rue Bchara el Khouri
Rue de Djerba
Rue de Jerba
Rue de la Comedie
Rue de Viane
Rue Mesmer
Ruta de Las Flores
Ruta Nacional Numero 7
Ruta Panamericana Carretera Libertador General San Martin
Saltillo Ferry
San Acacia-Polvadera Interchange
San Ignacio Interchange
Santa Fe Avenue
Sar Chilo Lar
Sendero Esperanza Trail
Sligos Ferry (historical)
Sodra Borgmastareporten
Solace Loop
Sro Godar Lar
Sro Gudar Lar
Tariq el Baida
Tariq el Maïdeh
Tariq el Mzar
Tarq al Marj
Ţarq al Marj
Telos Tote Road
Toufen Jiaoliudao
Traforo del Gran San Bernardo
Tuel San Pedro
Túnel Alaor Prata
Tunel Bacacique Dos
Tunel Bacacique Uno
Tunel Cuesta de Zapata
Tunel de la Cumbre
Túnel de la Cumbre
Tunel de la Grupa
Tunel de La Llana
Túnel de La Llana
Tunel de Palos Quemados
Tunel de Penalisa
Túnel do Joá
Tunel El Quillay
Tunel Enaldo Cravo Peixoto
Túnel Enaldo Cravo Peixoto
Túnel La Llana
Tunel las Raices
Túnel Noel Rosa
Tunel Sao Conrado
Tunel Trebjesica
Tunnel de Frejus
Ulica Sejfulina
Ulitsa Esperanto
U Lodenice
Valencia Peak Trail
Valencia Road Interchange
Valfragida
Vallecitos Trail
Verada Piedra Blanca
Vereda de las Cotorras
Vereda El Yunque
Vereda La Mina
Vereda Los Picachos
Vereda Rio de la Mina
Via Espana
Vial Blanc
Vial de la Roca
Vial de la Socarrada de Coll Carnisser
Vial del Bec
Vial de l' Escala
Vial de l' Estany Blau
Vial dels Pujols
Vial de Rubials
Via San Gregorio Armeno
Victoria Embankment
Vidalia Ferry
Villa Canuelas
Villa el Salvador
V Lucinach
Xincao
Yiminxincun Suidao
(Young) 18 de Julio Y Montevideo
