Aguidouel
Ain el Qotn
Alan' Esetra
Alan’ Esetra
Al Barqā’
`Aliabad-e Pa'in
Al Jarrar
Aloro
Andolobe
Arḑ al Mabrūd
Ard el Aajlani
Ard el Ajoun
Ard el Baida
Ard el Beida
Ard el Ghabe
Ard el Khaniqa
Ard el Mabroud
Ard el Mabroûd
Ard el Majdel
Ard el Mellâha
Ard el Msalib
Ardesar
Ard es Saouda
Ardh el Guentour
Arz el Blad
Arz el Kfour
Aspres de la Cebollera
Aspres de la Serrera
Aspres de l' Ensegur
Aspres del Sola de Nadal
Ayios Seryios Forest
Ayios Yeoryios Forest
Baidar el Haoura
Baïdar el Haoura
Baidar el Hourani
Baidar el Melk
Bajos de Arrieta
Bajos de Campamento
Bajos de Canchano
Bajos de Chilongo
Bajos de La Judea
Bajos de La Tirana
Bajos de Palagua
Bajos de Tirana
Balacoco
Baronie Cranendonck
Barras
Barre Municipal Forest
Barri
Bein el Aamoudain
Bela-erdo
Beniagala Forest
Ber Funuccia
Boiga del Bony
Boigues de Borro
Bois de Campillos
Bois de Grimbiemont
Bois de la Bruyere
Bois de la Cambre
Bois de la Madeleine
Bois de las Coronas
Bois de las Mounjos
Bois de la Vayolle
Bois de la Viree Madame
Bois del Core
Bois del Foy
Bois de Perticajo
Bois de Valambrey
Borj el Ain
Bosc d' Aigues Juntes
Bosc de Boiga Plana
Bosc de Collart
Bosc de Coll Pa
Bosc de Comes Becoses
Bosc de la Bartra
Bosc de la Beixellosa
Bosc de la Boixera
Bosc de la Borda del Rauquet
Bosc de la Cabeca
Bosc de la Canal Llisa
Bosc de la Canya
Bosc de la Cauba
Bosc de la Caulla
Bosc de la Colija
Bosc de la Collada
Bosc de la Coma dels Llops
Bosc de la Corruga
Bosc de la Costassa
Bosc de la Devesa
Bosc de la Finestra
Bosc de la Fita
Bosc de la Font del Bisbe
Bosc de la Font del Gripal
Bosc de la Font del Mallol
Bosc de la Font del Pascol
Bosc de la Font del Pi
Bosc de la Font Roja
Bosc de la Gargallosa
Bosc de la Gonarda
Bosc de l' Airola
Bosc de la Juberrussa
Bosc de la Mandurana
Bosc de la Mata
Bosc de la Mollera
Bosc de la Peguera
Bosc de la Pinosa
Bosc de la Pinosa de Llumeneres
Bosc de la Pixistella
Bosc de la Plana
Bosc de la Planassa
Bosc de la Pleta
Bosc de la Pollentia
Bosc de la Quera
Bosc de la Rabassa
Bosc de la Rasa
Bosc de la Roca
Bosc de la Salvata
Bosc de la Senyoreta
Bosc de la Solana
Bosc de l' Assalador
Bosc de la Tallada Nova
Bosc de la Tarterosa
Bosc de la Tosa
Bosc de la Tosca
Bosc de la Trava
Bosc de la Vall del Riu
Bosc del Barrer d'Areny
Bosc del Camp de la Finestra
Bosc del Campea
Bosc del Carpider
Bosc del Cubol
Bosc de l' Ensegur
Bosc de l' Entrada
Bosc de l' Estall Serrer
Bosc de l' Hostal del Poll
Bosc del Jou
Bosc del Menadis
Bosc de l' Obac de Salla
Bosc de l' Obaga de Gali
Bosc del Pas de la Clau
Bosc del Pla de la Cot
Bosc del Pla de Miretes
Bosc del Pla de Rodo
Bosc del Prat de l'Estel
Bosc del Quer
Bosc del Riambert
Bosc del Roc Gros
Bosc dels Amorriadors
Bosc dels Estanyons
Bosc del Sigarro
Bosc dels Llacs
Bosc del Solanyo
Bosc del Soleador
Bosc del Tosquer
Bosc del Tossal de les Poselles
Bosc d' Enclar
Bosc d' Entor
Bosc de Pedres Blanques
Bosc de Plana en Blanca
Bosc de Planavilla
Bosc de Puntal
Bosc d' Escalluquer
Bosc de Solobre
Bosc de Villar
Bosc Gran de l' Any de la Part
Bosque De Los Constituyentes
Bosque Estatal de Bosqueron
Bosque Estatal de Guajataca
Bosque Estatal de Guanica
Bosque Estatal de Guilarte
Bosque Estatal de Pinones
Bosque Estatal de Rio Abajo
Bosque Estatal Los Morillos
Bosque Puna Puna
Bosque valdiviano
Boustane el Barri
Boustane el Bayad
Brestbos
Bubreg
Buena Vista Grove
Bugondo Hill
Cacande
Cacongo
Calucanda
Camutombuena
Carmus el Baar
Carmùs el Bàar
Carmuset el-Huadeg
Cascade Head Experimental Forest
Caserio Sabana del Algarrobo
Caxicane
Cenas Tirelis
Chana Sueca
Cloese Bos
Clos-Vougeot
Corridor forestier de Fandriana Vondrozo
Daouaouir el Ouadi
Darradarra
Deir el Qantara
Deïr el Qantara
Diableza Pampa
Doctor Fazal Mango Farm
Echuya Forest
Ed Den es Salam
Ed Deqrane
Edelburg
Edese Bos
El Aaesri
El Aafsa
El Aallouch
El Aamair
El Aaouainat
El Aaouaini
El Aaouaïni
El Aaouaj
El Aaoude
El aaoueini
El Aaouj
El Aaouja
El Aaouje
El Aaqbat
El Aaqbe
El Aaradi
El Aaraqib
El Aarbe
El Aarbi
El Aardane
El Aardi
El Aarid
El Aarmouta
El Aasfoura
El Aatayeq
El Aatîq
El Aatol
El Aazaqi
El Aazzaqi
El `Abhara
El ‘Abhara
El Amir
El Aouad
El Aouaini
El Aouanini
El Aouanïni
El Arabat
El Araneb
El `Arda
El ‘Ārda
El Argoub
El-Auelia
El Baal
El Baale
El Baghlé
El Bahje
El Bahloûlîyé
El Bahouat
El Baidar
El Balayel
El Baleaa
El Balouaa
El Bâloûaa
El Bank
El Baqilli
El Bâqilli
El Baqs
El Bar
El Bār
El Baranes
El Barouqïyé
El Barqa
El Barqrouq
El Barqroûq
El Bass
El Bat
El Bât
El Bedqa
El Beida
El Beïda
El Bellane
El Berdaounîyé
El Berrâhîyé
El Berraniye
El Berrânîyé
El Biadar
El Biader
El Biara
El Bir
El Bîr
El Blata
El Blatat
El Borj
El Bosque
El Bouaidra
El Bouaidrat
El Boustane
El Bqaiaa
El Brak
El Bsatine
El Bssal
El Djana
El Djdir
El Djedri
Eleonorenwald
El Faida
El Fane
El Fendqaya
El Fesqine
El Fkhit
El Fotm
El Fouar
El Fraidis
El Friz
El Ftah
El Ftâh
El Ftaira
El Ftouh
El-Galáa
El Ghabat
El Ghabe
El Ghadir
El Ghaida
El Ghaïda
El Ghaidar
El Ghaïdar
El Gharb
El Gharbîyé
El Ghareq
El Ghiad
El Ghilane
El Ghodrane
El Ghouabi
El Ghouaibe
El Ghouata
El-Glaa
El Goueira
El-Gubba
El-Gùbba
El Hadire
El Halabloub
El Hallal
El Hamamir
El Hamar
El Hamari
El Hameri
El Hamra
El Hamrâ
El Hamrat
El Hanafe
El Hanafé
El Hanouch
El Haouarat
El Haouarit
El Haouch
El Haouia
El Haouta
El Haqle
El Hariga
El Hariqa
El Hassi
El Hatoum
El Hâtoûm
El Hbaichiye
El Hedaf
El Hedâf
El Hedoud
El Hédoûd
El Hemi
El Hiara
El Hiarat
El Himi
El Hmai
El Hmaira
El Hmariet
El Homsi
El Horch
El Hossie
El Houat
El Hraïchi
El Hyour
El Kaf
El Karm
El Khandaq
El Kharab
El Kharâb
El Kharabne
El Kharazate
El Kharrar
El Kharroube
El Khasfat
El Khasfe
El Khmas
El Khodr
El Khouaibe
El Kroum
El Kroûm
El Ksar
El Ksâr
El Ksra
El Lamaa
El Lejane
El Lejâne
El Lejne
El Maaïsra
El Mactaa
El-Magal
El-Magàl
El Maghari
El Maghariq
El Maghâssel
El Mahbas
El Mahfara
El Majdoub
El Majdoûb
El Malek
El Mall
El Malloul
El Malqa
El Malzaq
El Manchra
El Mandjou
El Manqabe
El Mansoura
El Mantara
El Mantiqa ez Ziraiye
El Manzoul
El Maouche
El Maouchi
El Maqalea
El Maqatem
El Maqbara
El-Maqbara
El Maqtane
El Maramed
El Marj
El Marje
El Marjé
El Marqad
El Marrane
El Marrouj
El Martini
El Masroud
El Massara
El Massarra
El Matarih
El May‘a
El Mazbar
El Mdaouar
El Mdaouara
El Mdaoura
El Mecharaa
El Megzaha
El Mehfara
El Melga
El Mellah
El Menqara
El Meqsassi
El Merdja
El Mghariq
El Mghâyer
Elmgrove
El Mhammadîyé
El Mhariq
El Midane
El-Midauwara
El Mighraqa
El Mijar
El Minchiye
El Mislane
El Mjarr
El Mlaqqah
El-Mlezz
El Mossar
El Mostah
El Mouaqed
El Mouassi
El Mouchi
El Mrah
El Mrasrass
El Mray
El Mrite
El Mrîte
El Mrouj
El Msil
El Mtaifha
El Mtaoui
El Mtoll
El Muraba`a
El Muraba‘a
El-Mustagidda
El Mzaibe
El Mzaïbé
El Mzaible
El Mzaïblé
El Nadja
El Ouaar
El Ouadjel
El Ouaqf
El Ouastat
El Ouata
El Ouati
El Palo Alto
El Qabbouaa
El Qabouat
El Qacha
El Qanater
El Qarāwa el Fauqa
El Qareh
El Qâreh
El Qarie
El Qarqouf
El Qasbi
El Qassām el Gharbī
El Qasser
El Qateaa
El Qatouaa
El Qbai
El Qeraaouni
El Qerram
El Qerrami
El Qiriaqi
El Qnaideh
El Qnaïdeh
El Qorne
El Quassayet
Els
El Tamathil el Bid
Eluapola
El Waṭya
El Yarz
El Yarzé
El Yunque National Forest
El Zahoura
El Zoratt
En Naqbe
En Naqu
En Nouqar
En Nqaïri
En Nqari
En Rami
Escambia National Experimental Forest
Espadanal de Danta
Espan
Espanola Ranger District
Espan Wald
Espenleu
Espenloh
Es Sadriye
Es Safoue
Es Safoué
Es Safra
Es Safrâ
Es Saifi
Es Salalem
Es Salâmîyé
Es Sana
Es Sanad
Es Saouad
Es Saouane
Es Saouda
Es Saouîri
Es Saqi
Es Seaaïdé
Es-Seniúra esc-Scerghia
Es Sidr
Es Slaïaa
Es Smaïrîyé
Es S`mer
Es S‘mer
Es Souanat
Es Soueidiye
Es Sous
Es Soûs
Estalu
Estalū
Estvadgard Plantage
Et Tarqa el Faouqa
EYRE FOREST
Ez Zrabe el Qobliye
Faouq el Ain
Floresta de Gericinó
Floresta de Santa Ines
Floresta dos Macacos
Floresta Nacional de Irati
Forêt de Calenzana
Foret de La Ferte-Vidame
Foret de la Rena
Foret de Lasahas
Foret de Quenecan
Foret de Ras el Youdi
Foret Domaniale de la Tremblade
Fosdal Plantage
Frostrup Plantage
Gaba del Araix
Gaba el Araich
Gaba el Araïch
Ganlose Ore
Garm
Ghaba el Araich
Ghaba el Araïch
Gibbon Experience
Gicaca
Gidarreh
Ginalas Forest
Goesabos
Got el-Arca
Got el-Beiada
Got el-Mgarín
Got es-Sófna
Got Gióua
Gounabos
Grande Bouillee de la Cascade
Grande Huquenie
Grande Huqueny
Gsur esc-Sciaír
Guedderou
Guet el-Fagar
Guet el-Fágar
Guezaoua
Guldeloh
Gusta Meda
Gyor-erdo
Habert Valombre
Haci el Frid
Haidarabad Forest
Hambresart
Haouch el Oulia
Haqel es Siri
Haqel es Sîri
Haql el Agha
Haql el Âgha
Haql el Ain
Haql el Badaouîyé
Haql el Baida
Haql el Fai
Haql el Faras
Haql el Halal
Haql el Halâl
Haql el Mansab
Haql el Mehfara
Haql es Saouda
Haql Mostafa
Horch el Aabri
Horch el Aqtam
Horj el Assouad
Horna Fure
Hqoûl el Biyâd
Hrífunesheði
Ilaqa Nambla Forest
Isla Orrego
Jall el Qana
Jilal el Michti
Jouar el Aamoud
Jouar el Aarab
Jubiya Forest
Kroûm el Laouz
Lacplesis Mezs
La Huniere
La Montana de Buena Vista
La Montaña de Buena Vista
Las Baranow
Las Rogalice
la t
Les Afanas'yev
Les Molodoj
Les Pridorozhnyj
Les Pridorozhnyy
Les Sidorov
Londa
Lonundo
Loro
Los Padres National Forest
Los Pajonales
Lucero Forest
Luporicin Val
Lyndon Municipal Forest
Mactaa el Hajar
Madonas Mezs
Madou
Madugasgodella
Mallin de los Carallos
Mallin de los Castillos
Maqial el Qold
Maqial en Njâssa
Mardestan
Marguab el Ayane
Marj el Aalaq
Mata de Cataba
Mata de Corocito
Mata de Labruge
Mata de Lavos
Mata de Morrocoy
Mata de Pindela
Mata Nacional do Urso
Mata Umpacaca
Matbaq el-Sufan
Maṭbaq el-Ṣûfân
Mlaba Forest
Montana de Buena Vista
Montana de Carvajal
Montana de Jacoa
Montana de La Veguita
Montana del Choco
Montana del Supamo
Montana de Maribisi
Montana de Mata Rala
Montana de San Jose
Montana de Santa Agueda
Montana de Turen
Montana El Zapatero
Montana Melendrero
Montanas de Anaro
Montanas de Bejuquero
Montanas de Caparo
Montanas de Cordero
Montanas de Guacharaquero
Montanas de Guayabal
Montanas de Hojas Blancas
Montanas de La Cruces
Montanas de La Danta
Montanas de La Erica
Montanas de La Marranera
Montanas de La Pica
Montanas de Las Peleteras
Montanas del Palmar
Montanas del Tablantero
Montanas de Madre Vieja
Montanas de Merecuron
Montanas de Monterralo
Montanas de San Pedro
Montanas de Santa Anita
Montanas de Turen
Montanas El Clavo
Montanas El Muerto
Montanas Los Canitos
Montaña de Buena Vista
Monte Añaretá
Monte Caa Carapa
Monte Carmelo
Monte Caseros
Monte Claro
Monte de Cuay Chico
Monte de la Avispa Colorada
Monte del Aguila
Monte de las Barrancas
Monte de la Vieja
Monte de la Viruela
Monte del Chancho
Monte de Los Banos
Monte del Toro
Monte de San Isidro
Monte de Tacuati
Monte de Tacuatí
Monte de Yalan
Monte El Lavadero
Monte Ibira Saca
Monte Ibirá Sacá
Monte Ibira-zaca
Monte Ibirá-zaca
Monte Mojon
Monte Nazareno
Monte Ojeda Cue
Montes Anareta
Montes Añaretá
Montes de Capiibary
Montes de La Cuchara
Montes de Quebracho Colorado
Montes de Tacuati
Montes de Tacuatí
Montes de Tacuati de la Forestal Paraguaya
Montes de Tacuatí de la Forestal Paraguaya
Montes de Tatucua
Monte Yaguarete Cua
Montpelier Municipal Forest
Moul el Ouasta
Nadel
Naden-e Bala
Ngueve
Nicgales Mezs
Nurmenes Mezs
ocna mures
ocna-mures
Ojeso Plantage
Oura el Harf
Padure Comunala
Padure Hoslagu
Padure Lascu
Pajonal Mencoriani
Pampa de Culpina
Pampa de Leguesana
Pampa de Lequesena
Pampa de Tagua
Pampa Dolores
Pampas de Lequesapa
Parc des Dryades
Parque Nacional Natural El Tuparro
Parrig
Pembrey Forest
Pinales de Jutinico
Pinales de Jutinicu
Pinales de Jutinicú
Planicie do Impamputo
Planicie Gamende
Potrero El Aljibe
Potreros El Caiman
Proctor Village Municipal Forest
Qabat es Salama el Mahgoza
Qabr el Badaoui
Qsar el Mir
Quena
Rhaba el Araich
Rhaba el Araïch
Rhaba Grine el Foula
Sabana Acevedena
Sabana al Medio
Sabana Almedio
Sabana Barrero
Sabana Camachero
Sabana Cayo Joca de la Beata
Sabana Corocito
Sabana de Altagracia
Sabana de Altamira
Sabana de Baron
Sabana de Barranca
Sabana de Buenavista
Sabana de Cacheo
Sabana de Cagua
Sabana de Calceta
Sabana de Campeche
Sabana de Capachales
Sabana de Carora
Sabana de Carorita
Sabana de Carrizales
Sabana de Cazones
Sabana de Chacuey
Sabana de Chapure
Sabana de Chicaramoa
Sabana de Cicibito
Sabana de Ciego Banao
Sabana de Cocheo
Sabana de Corora
Sabana de Corral Falso
Sabana de El Estudio
Sabana de Escoba
Sabana de Genaro
Sabana de Godoy
Sabana de Guarapo
Sabana de Hato de Cabra
Sabana de Higuito
Sabana de Jacoa
Sabana de la Arana
Sabana de la Araña
Sabana de La Busaca
Sabana de la Canca
Sabana de la Canoa
Sabana de la Cuna del Arbol
Sabana de La Guanota
Sabana de Lajas
Sabana de La Laja
Sabana del Algarrobo
Sabana del Algodon
Sabana de la Mar
Sabana de La Mata de Agua
Sabana de La Palma
Sabana de La Salineta
Sabana de Las Reyes
Sabana de la Teta
Sabana de La Teta
Sabana de la Vaca
Sabana de La Valla
Sabana de la Vieja
Sabana de La Vieja
Sabana de Lavieri
Sabana de la Vuelta
Sabana del Barrero
Sabana del Botado
Sabana del Candelon
Sabana del Cedro
Sabana del Estado
Sabana del Estudio
Sabana del Grito
Sabana del Hato
Sabana del Jobal
Sabana del Jobo
Sabana del Limbo
Sabana del Lindero
Sabana del Medio
Sabana del Mizal
Sabana de los Caballos
Sabana de Los Germanes
Sabana de los Indios
Sabana de Los Indios
Sabana de los Joberos
Sabana de los Martinez
Sabana de Los Martinez
Sabana de Los Martínez
Sabana de los Novillos
Sabana de los Ranchos
Sabana de Los Ranchos
Sabana de los Yamales
Sabana de los Yanales
Sabana del Pegon
Sabana del Plato
Sabana del Porvenir
Sabana del Potrero
Sabana del Primer Alto
Sabana del Roble
Sabana del Silencio
Sabana del Soco
Sabana del Socorro
Sabana del Tigre
Sabana del Valle
Sabana del Viento
Sabana de Macaguan
Sabana de Macanillal
Sabana de Maniel
Sabana de Maria Antonia
Sabana de Martin Lopez
Sabana de Mata de San Juan
Sabana de Mata Larga
Sabana de Mata San Juán
Sabana de Morichal
Sabana de Morillo
Sabana de Mumuche
Sabana de Murucuti
Sabana de Ofille
Sabana de Oro
Sabana de Palmarejo
Sabana de Palometas
Sabana de Palo Seco
Sabana de Pedro
Sabana de Peonia
Sabana de Perucho
Sabana de Piedra
Sabana de Piedra Blanca
Sabana de Quereparo
Sabana de Quererepa
Sabana de Rubio
Sabana de San Francisco
Sabana de San Ramon y Majomote
Sabana de Santa Marta
Sabana de Santa Rita
Sabana de Santiago
Sabana de Sisivito
Sabana de Tolentino
Sabana de Torrealbero
Sabana de Tosa y Brujuelas
Sabana de Tuquerres
Sabana de Ventura
Sabana de Vicha
Sabana el Cerro
Sabana El Clarito
Sabana El Guarapo
Sabana El Rincon
Sabana en Medio
Sabana Esperon
Sabana Guarentén
Sabana Hoyo La Cotorra
Sabana Icacos Blancos
Sabana Juan de Limo
Sabana Juan de Lino
Sabana La Araña
Sabana La Barranca
Sabana la Derrota
Sabana La Forzosa
Sabana Las Maracas
Sabana La Venturosa
Sabana Los Boches
Sabana Los Bolos
Sabana Los Coclises
Sabana Los Leones
Sabana Los Muertos
Sabana Los Placeres
Sabana Palos de Sen
Sabana Pincón
Sabana Rincon
Sabana Rincón
Sabana Rincon de Lagunas
Sabana Rincon de Trujillo
Sabanas Altagracia
Sabanas de Acapulco
Sabanas de Aguaclara
Sabanas de Ajicon
Sabanas de Alcornocal
Sabanas de Anime
Sabanas de Araguato
Sabanas de Barlin
Sabanas de Barrancas
Sabanas de Bautista
Sabanas de Belen
Sabanas de Boqueron
Sabanas de Borra
Sabanas de Buenos Aires
Sabanas de Cachicamo
Sabanas de Campoalegre
Sabanas de Camuara
Sabanas de Cardonal
Sabanas de Cariben
Sabanas de Carrao
Sabanas de Carroquemado
Sabanas de Carutal
Sabanas de Cascajal
Sabanas de Cazones
Sabanas de Chaparral
Sabanas de Charco Azul
Sabanas de Chucuto
Sabanas de Ciruelito
Sabanas de Concordia
Sabanas de Corinto
Sabanas de Corocito
Sabanas de Corojo
Sabanas de Coronero
Sabanas de Cuatro Alambres
Sabanas de Culata
Sabanas de Curitero
Sabanas de El Artahomero
Sabanas de El Caribe
Sabanas de Erica
Sabanas de Flor Amarillo
Sabanas de Florida Blanca
Sabanas de Garzas
Sabanas de Guachajumena
Sabanas de Guachiria
Sabanas de Horizonte
Sabanas de Jabillar
Sabanas de Jobito
Sabanas de La Agonia
Sabanas de La Aurora
Sabanas de la Balsa
Sabanas de La Coromoto
Sabanas de La Culebra
Sabanas de la Esmeralda
Sabanas de La Esperanza
Sabanas de Laguneta
Sabanas de Lagunota
Sabanas del Algarrobo
Sabanas de La Mansion
Sabanas de La Mata
Sabanas de La Miel
Sabanas de La Pena
Sabanas de La Pura
Sabanas de Las Alcancia
Sabanas de Las Cocuizas
Sabanas de Las Delicias
Sabanas de Las Esperanza
Sabanas de Las Flores
Sabanas de Las Mercedes
Sabanas de Las Ramirenas
Sabanas de La Sutilera
Sabanas de Las Uvitas
Sabanas de Las Yemas
Sabanas de La Tabarera
Sabanas de La Victoria
Sabanas del Blanco
Sabanas del Caiman
Sabanas del Campamento
Sabanas del Caribe
Sabanas del Caruto
Sabanas del Corral Viejo
Sabanas del Cura
Sabanas del Despacho
Sabanas de Llano Largo
Sabanas del Leon
Sabanas del Maizal
Sabanas del Medio
Sabanas del Olivo
Sabanas de Lorena
Sabanas de Los Alpes
Sabanas de Los Mitiaos
Sabanas de Los Panches
Sabanas de Los Venados
Sabanas del Paguey
Sabanas del Pinero
Sabanas del Plan
Sabanas del Polvo
Sabanas del Progreso
Sabanas del Rincon
Sabanasdel Rodeo
Sabanas del Tapiz
Sabanas del Temblador
Sabanas del Temblor
Sabanas del Toro
Sabanas del Totumo
Sabanas del Vergel
Sabanas del Yopal Nuevo
Sabanas de Macanal
Sabanas de Macanillal
Sabanas de Maico
Sabanas de Majaguillal
Sabanas de Malabares
Sabanas de Manacal
Sabanas de Marne
Sabanas de Marrero
Sabanas de Martinero
Sabanas de Martin Lopez
Sabanas de Martín López
Sabanas de Menudito
Sabanas de Merecure
Sabanas de Merecuron
Sabanas de Morichito
Sabanas de Morrocoy
Sabanas de Mundonuevo
Sabanas de Murure
Sabanas de Nuevo
Sabanas de Padreno
Sabanas de Pastora
Sabanas de Pinero
Sabanas de Pueblo Nuevo
Sabanas de Punta Brava
Sabanas de Rincon de Alcides
Sabanas de San Antonio
Sabanas de San Felipe
Sabanas de San Gregorio
Sabanas de San Jorge
Sabanas de San Jose
Sabanas de San Miguel
Sabanas de San Pablo
Sabanas de San Pedro
Sabanas de San Rafael
Sabanas de Santa Elena
Sabanas de Santa Fe
Sabanas de Santa Rita
Sabanas de Soropo
Sabanas de Suripa
Sabanas de Temblor
Sabanas de Tres Matas
Sabanas de Varital
Sabanas de Venturini
Sabanas de Yucuana
Sabanas El Aceital
Sabanas el Campin
Sabanas El Cangrejo
Sabanas El Canito
Sabanas El Cerrito
Sabanas El Crisol
Sabanas El Isleno
Sabanas El Rosario
Sabanas El Salitre
Sabanas El Totumo
Sabanas El Vegon
Sabanas El Venado
Sabanas El Viboral
Sabanas Gallardero
Sabanas La Conquista
Sabanas La Esperanza
Sabanas La Gloria
Sabanas La Perra
Sabanas Las Cabras
Sabanas Las Cruces
Sabanas Las Micaela
Sabanas Las Pradena
Sabanas La Villa
Sabanas Los Blancos
Sabanas Los Carroas
Sabanas Los Chinos
Sabanas Los Entierros
Sabanas Los Morrocoyes
Sabanas Los Mostrencos
Sabanas Los Placeres
Sabanas Monoseros
Sabanas Morro Mocho
Sabanas Nacionales
Sabanas Nueva
Sabanas Nuevas
Sabanas Queseras del Medio
Sabanas Rincon de Las Dantas
Sabana Tierra Colorada
Sabana Venado
Sahl el Qarrame
Sahl el Qarramé
Sahm el Baïdar
Saint Isadore's
Salach
San Dimas Experimental Forest
San Joaquin Experimental Range
Sargala Forest
Sarri
Savanes de Pariacabo
Savanes Oyabo
Selva del Manacacias
Selva de Manacacias
Selva de Margua
Selva de Sacrificio
Selva de San Camilo
Selva de Ticoporo
Selva El Melon
Selvas de San Camillo
Seminario San Jose
Sevel Plantage
Sibala Forest
Sijula Forest
Sinacdoran Forest
Sosal Forest
Souede
Souq el Establ
Subida La Arana
Subida La Araña
Tarala Forest
Taras el Qteab
Tierra Colorada
Tirnguel
Tlal Ain el Qouq
Vega del Toro
Vegas Blancas
Vegas de La Canada
Vegas de la Flecha
Vegas de La Flecha
Vegas de Piuquenes
Vegas Guandacol
Vegas Rucapillan
Vergennes Municipal Forest
Vidacevac
Vilsbol Plantage
Vinedo de los Vientos
Yengī Esperan
Yerbal Carrillo
Yerbal Cerrito
Yerbales Afluentes del Monday
Yerbales del Itabo
Yerbales del Itambey
Yerbales del Pira-Piuta
Yerbales del Pirá-Piutá
Yerbales del Pirapyta
Yerbales del Pirapytá
Yerbales del Pirapytay
Yerbales del Salto Guaira
Yerbales del Yuqueri
Yerbales de Santa Teresa
Zaqouq el Mifdi
Zâqoûq el Mifdi
Zaroub el Ain
Zid el Male
Zor el Jossi
Zqâq el Qoubab
