28 De Noviembre Airport
Aberdeen Municipal Airport
Academy Heliport
Acadiana Regional Airport
Acarigua
A Coruña Airport
A Coruña / Alvedro
Ada Municipal Airport
Addison Municipal Airport
Adelaide Airport
Adelanto Airport
Aereopuerto de Crepo
Aerequus Airport
Aeroacres Airport
Aerocentro de Monterrey
Aero Club del Paraguay
Aerodeportes
Aerodromo Angel S. Adami
Aerodromo Barriles
Aerodromo Chacalluta
Aeródromo Chacalluta
Aeródromo Chañaral
Aerodromo El Buitre
Aerodromo El Loa
Aerodromo General Diego Aracena
Aerodromo La Florida
Aerodromo Las Magaritas
Aerodromo Las Marias
Aerodromo Lo Castillo
Aerodromo Madden
Aerodromo Maria Reiche
Aerodromo Oficina Victoria
Aerodromo Potrerillos
Aerodromo San Pedro de Atacama
Aerodromo Santa Fe
Aerodromo Vallenar
Aero Lake Estates Airport
Aero-Lane Airport
Aeroparque Bs. As. Aerodrome
Aeropelican Airport
Aerop. Internacional Monterrey, N. L.
Aero Plaines Airport
Aeroport de Barcelona - el Prat
Aeroport de Casablanca - Mohamed V
Aéroport de Casablanca - Mohamed V
Aeroport de Chapeco
Aéroport de Chapecó
Aeroport de Gibraltar
Aéroport de Gibraltar
Aeroport de Guernesey
Aeroport de Lyon-Bron
Aeroport de Malaga
Aeroport de Menorca
Aeroport de Menorca - Maó
Aeroport de Rodez-Marcillac
Aéroport de Rodez-Marcillac
Aeroport de Sanikiluaq
Aeroport Guardia Marina Zanartu
Aéroport Guardia Marina Zañartu
Aeroport Internacional d'Abu Dhabi
Aeroport Internacional de Denver
Aeroport Internacional de Dubai
Aeroport Internacional de Hong Kong
Aeroport Internacional de Los Angeles
Aeroport Internacional de Miami
Aeroport Internacional de Narita
Aeroport Internacional de Pequin
Aeroport Internacional de Pequín
Aeroport Internacional de Sharjah
Aeroport Internacional de Singapur-Changi
Aeroport Internacional de Tan Son Nhat
Aeroport Internacional de Vancouver
Aeroport Internacional de Xangai-Pudong
Aeroport international de Banjul
Aeroport international de Larnaca
Aéroport international de Larnaca
Aeroport international de Los Angeles
Aeroport municipal de Vero Beach
Aeroport municipal de Wauchula
Aeroporto Anternacional Tan Son Nhat
Aeroporto de Apucarana
Aeroporto de Aracatuba
Aeroporto de Austin
Aeroporto de Avare-Arandu
Aeroporto de Bauru
Aeroporto de Chapeco
Aeroporto de Chapecó
Aeroporto de Concórdia
Aeroporto de Dublin
Aeroporto de Edimburgo
Aeroporto de Erechim
Aeroporto de Innsbruck
Aeroporto de Jacarepagua
Aeroporto de Luau
Aeroporto de Luena
Aeroporto de Presidente Prudente
Aeroporto de Santa Maria
Aeroporto de Santo Angelo
Aeroporto de Santo Ângelo
Aeroporto de Sauce Viejo
Aeroporto de Sorocaba
Aeroporto di Tarbes-Lourdes-Pyrenees
Aeroporto Estadual de Sorocaba
Aeroporto Eurico de Aguiar Salles
Aeroporto internaciona de Tan Son Nhat
Aeroporto Internacional da Portela
Aeroporto Internacional de Abu Dhabi
Aeroporto Internacional de Amarillo
Aeroporto Internacional de Cabul
Aeroporto Internacional de Denver
Aeroporto Internacional de Dubai
Aeroporto Internacional de Filadelfia
Aeroporto Internacional de Filadélfia
Aeroporto Internacional de Guarulhos
Aeroporto Internacional de Hong Kong
Aeroporto Internacional de Honolulu
Aeroporto Internacional de Incheon
Aeroporto Internacional de Kabul
Aeroporto Internacional de Los Angeles
Aeroporto Internacional de Maputo
Aeroporto Internacional de Mavalane
Aeroporto Internacional de Memphis
Aeroporto Internacional de Miami
Aeroporto Internacional de Narita
Aeroporto Internacional de Nauru
Aeroporto Internacional de Orlando
Aeroporto Internacional de Pequim
Aeroporto Internacional de Phoenix Sky Harbor
Aeroporto Internacional de Salt Lake City
Aeroporto Internacional de Salvador
Aeroporto Internacional de Sao Francisco
Aeroporto Internacional de Sharjah
Aeroporto Internacional de Vancouver
Aeroporto Internacional de Viracopos
Aeroporto Internacional de Xangai Pudong
Aeroporto Internacional Hato
Aeroporto Internacional Hercilio Luz
Aeroporto Internacional Hercílio Luz
Aeroporto Internacional Jorge Chavez
Aeroporto Internacional Jorge Chávez
Aeroporto Internacional Sangster
Aeroporto Internacional Tancredo Neves
Aeroporto Santos Dumont
Aeroport regional de Laramie
Aeroportul International Los Angeles
Aeropuerto Arco
Aeropuerto Arsenio Valderrama
Aeropuerto Arturo Merino Benitez
Aeropuerto Bahias De Huatulco
Aeropuerto Barranquillita
Aeropuerto Bergamo
Aeropuerto Bert Mooney
Aeropuerto Borinquen
Aeropuerto Carlos Ciriani
Aeropuerto Central Ciudad Real
Aeropuerto Cerrillos
Aeropuerto Cerro Moreno
Aeropuerto Chapelco
Aeropuerto David Figueroa Fernandini Alferez
Aeropuerto de
Aeropuerto de A Coruna
Aeropuerto de A Coruña
Aeropuerto de Akulivik
Aeropuerto de Alma
Aeropuerto de Anacortes
Aeropuerto de Arviat
Aeropuerto de Attawapiskat
Aeropuerto de Baker Lake
Aeropuerto de Berens River
Aeropuerto de Bilbao
Aeropuerto de Bonaventure
Aeropuerto de Brochet
Aeropuerto de Bruselas Sur
Aeropuerto de Caballococha
Aeropuerto de Calabozo
Aeropuerto de Cambridge Bay
Aeropuerto de Cape Dorset
Aeropuerto de Catania
Aeropuerto de Chevery
Aeropuerto de Churchill Falls
Aeropuerto de Ciudad Real
Aeropuerto de Coral Harbour
Aeropuerto de Cork
Aeropuerto de Cyril E. King
Aeropuerto de Dajla
Aeropuerto de Dorado
Aeropuerto de Dublin
Aeropuerto de Dublín
Aeropuerto de Eastmain River
Aeropuerto de Edimburgo
Aeropuerto de Edson
Aeropuerto de El Prat
Aeropuerto de Fernando de Noronha
Aeropuerto de Fort Albany
Aeropuerto de Fort Good Hope
Aeropuerto de Fort McMurray
Aeropuerto de Fort Nelson
Aeropuerto de Fort Simpson
Aeropuerto de Friday Harbor
Aeropuerto de Fuenterrabia
Aeropuerto de Fuenterrabía
Aeropuerto de Galway
Aeropuerto de Gaspe
Aeropuerto de Gaspé
Aeropuerto de Gibraltar
Aeropuerto de Girardot
Aeropuerto de Gjoa Haven
Aeropuerto de God's Lake Narrows
Aeropuerto de God's River
Aeropuerto de Gove
Aeropuerto de Grande Prairie
Aeropuerto de Grise Fiord
Aeropuerto de Hall Beach
Aeropuerto de Hay River
Aeropuerto de High Level
Aeropuerto de Igloolik
Aeropuerto de Innsbruck
Aeropuerto de Inukjuak
Aeropuerto de Inyokern
Aeropuerto de Iqaluit
Aeropuerto de Isla Grande
Aeropuerto de Ivujivik
Aeropuerto de Jerez
Aeropuerto de Kamloops
Aeropuerto de Kapuskasing
Aeropuerto de Kashechewan
Aeropuerto de Kenora
Aeropuerto de Klawock
Aeropuerto de Kuujjuaq
Aeropuerto de la Ciudad de Londres
Aeropuerto de La Grande Riviere
Aeropuerto de La Grande Rivière
Aeropuerto del Condado de Imperial
Aeropuerto del Condado de Sussex
Aeropuerto de Lelystad
Aeropuerto de Loiu
Aeropuerto de Londres-Heathrow
Aeropuerto de los Banditos
Aeropuerto del Prat
Aeropuerto del Valle de Durham Tees
Aeropuerto de Lynn Lake
Aeropuerto de Madrid
Aeropuerto de Maiquetia
Aeropuerto de Malaga
Aeropuerto de Málaga
Aeropuerto de Manchester
Aeropuerto de Mánchester
Aeropuerto de Masset
Aeropuerto de Medicine Hat
Aeropuerto de Menorca
Aeropuerto de Menorca - Mahon
Aeropuerto de Menorca - Mahón
Aeropuerto de Moosonee
Aeropuerto de Moron y Base Aerea
Aeropuerto de Morón y Base Aérea
Aeropuerto de Nanaimo
Aeropuerto de Nanisivik
Aeropuerto de Nantes Atlantique
Aeropuerto de Norman Wells
Aeropuerto de Old Crow
Aeropuerto de Oxnard
Aeropuerto de Pangnirtung
Aeropuerto de Pantelleria
Aeropuerto de Parayas
Aeropuerto de Paulatuk
Aeropuerto de Pau-Pirineos
Aeropuerto de Peawanuck
Aeropuerto de Pico
Aeropuerto de Points North
Aeropuerto de Pond Inlet
Aeropuerto de Port Hardy
Aeropuerto de Powell River
Aeropuerto de Pucon
Aeropuerto de Pucón
Aeropuerto de Puerto Barrios
Aeropuerto de Quaqtaq
Aeropuerto de Quesnel
Aeropuerto de Rafaela
Aeropuerto de Rainbow Lake
Aeropuerto de Ramona
Aeropuerto de Rankin Inlet
Aeropuerto de Red Sucker Lake
Aeropuerto de Repulse Bay
Aeropuerto de Rimouski
Aeropuerto de Roberval
Aeropuerto de Rodez-Marcillac
Aeropuerto de Sachs Harbour
Aeropuerto de Saint Theresa Point
Aeropuerto de Salinas
Aeropuerto de Sandspit
Aeropuerto de Sandy Lake
Aeropuerto de Sanikiluaq
Aeropuerto de San Sebastian
Aeropuerto de San Sebastián
Aeropuerto de Santander
Aeropuerto de Santiago de Compostela
Aeropuerto de Sauce Viejo
Aeropuerto de Schefferville
Aeropuerto de Sept-Iles
Aeropuerto de Sept-Îles
Aeropuerto de Shamattawa
Aeropuerto de Sherbrooke
Aeropuerto de Sioux Lookout
Aeropuerto de Smithers
Aeropuerto de Sondica
Aeropuerto de Tadoule Lake
Aeropuerto de Tan Son Nhat
Aeropuerto de Tenerife Norte
Aeropuerto de Tenerife Sur
Aeropuerto de Teterboro
Aeropuerto de Tindouf
Aeropuerto de Tocumen
Aeropuerto de Torrejon
Aeropuerto de Torrejón
Aeropuerto de Uranium City
Aeropuerto de Val-d'Or
Aeropuerto de Valencia
Aeropuerto de Vigo
Aeropuerto de Villa Gesell
Aeropuerto de Villa Reynolds
Aeropuerto de Vitoria
:Aeropuerto de Wabush
Aeropuerto de Waskaganish
Aeropuerto de Whale Cove
Aeropuerto de Wollaston Lake
Aeropuerto de Yarmouth
Aeropuerto de Yauca
Aeropuerto de Yellowknife
Aeropuerto de Yola
Aeropuerto de York Landing
Aeropuerto Eduardo Falla Solano
Aeropuerto El Banco
Aeropuerto El Dorado
Aeropuerto El Jaguel
Aeropuerto Eloy Alfaro
Aeropuerto El Trompillo
Aeropuerto Enrique Malek
Aeropuerto FAP Grupo Aereo 42
Aeropuerto FAP Grupo Aereo Cuarenta y Dos
Aeropuerto Gabriel Vargas Santos
Aeropuerto Guarany
Aeropuerto Guardiamarina Zanartu
Aeropuerto Guardiamarina Zañartu
Aeropuerto Guaymaral
Aeropuerto Hato
Aeropuerto Internacional Benazir Bhutto
Aeropuerto Internacional Bradley
Aeropuerto Internacional Cerro Chapeu
Aeropuerto Internacional de Abu Dabi
Aeropuerto Internacional de Albuquerque
Aeropuerto Internacional de Alicante - El Altet
Aeropuerto Internacional de Alternativa de Santa Bernardina
Aeropuerto Internacional de Bangalore
Aeropuerto Internacional de Bellingham
Aeropuerto Internacional de Bournemouth
Aeropuerto Internacional de Bucarest-Henri Coanda
Aeropuerto Internacional de Bucarest-Henri Coandă
Aeropuerto Internacional de Calicut
Aeropuerto Internacional de Carrasco
Aeropuerto Internacional de Cayo Hueso
Aeropuerto Internacional de Crespo
Aeropuerto Internacional de Denver
Aeropuerto Internacional de Dubai
Aeropuerto Internacional de Dubái
Aeropuerto Internacional de Fairbanks
Aeropuerto Internacional de Filadelfia
Aeropuerto Internacional de Hong Kong
Aeropuerto Internacional de Honolulu
Aeropuerto Internacional de Incheon
Aeropuerto Internacional de Indianapolis
Aeropuerto Internacional de Indianápolis
Aeropuerto Internacional de Kabul
Aeropuerto Internacional de Kansas City
Aeropuerto Internacional de Kotoka
Aeropuerto Internacional de la Ciudad del Cabo
Aeropuerto Internacional de la Ciudad de Mexico
Aeropuerto Internacional de la Ciudad de México
Aeropuerto Internacional de Laredo
Aeropuerto Internacional de Larnaca
Aeropuerto Internacional de Lárnaca
Aeropuerto Internacional de Las Americas
Aeropuerto Internacional de Las Américas
Aeropuerto Internacional del Kilimanjaro
Aeropuerto Internacional de Los Angeles
Aeropuerto Internacional de Los Ángeles
Aeropuerto Internacional de Managua
Aeropuerto Internacional de Memphis
Aeropuerto Internacional de Miami
Aeropuerto Internacional de Nadi
Aeropuerto Internacional de Narita
Aeropuerto Internacional de Nauru
Aeropuerto Internacional de Orlando
Aeropuerto Internacional de Palonegro
Aeropuerto Internacional de Pekin
Aeropuerto Internacional de Pekín
Aeropuerto Internacional de Phuket
Aeropuerto Internacional de Salt Lake City
Aeropuerto Internacional de San Bernardino
Aeropuerto Internacional de San Diego
Aeropuerto Internacional de San Felipe
Aeropuerto Internacional de San Francisco
Aeropuerto Internacional de Seattle-Tacoma
Aeropuerto Internacional de Shannon
Aeropuerto Internacional de Sharjah
Aeropuerto Internacional de Singapur
Aeropuerto Internacional de Tan Son Nhat
Aeropuerto Internacional de Tapachula
Aeropuerto Internacional de Tucson
Aeropuerto Internacional de Vancouver
Aeropuerto Internacional de Victoria
Aeropuerto Internacional de Wilmington
Aeropuerto Internacional de Yundum
Aeropuerto Internacional El Dorado
Aeropuerto Internacional El Loa
Aeropuerto Internacional El Salvador
Aeropuerto Internacional General Francisco Javier Mina
Aeropuerto Internacional General Mitchell
Aeropuerto Internacional Hato
Aeropuerto Internacional Inca Manco Capac
Aeropuerto Internacional Inca Manco Cápac
Aeropuerto Internacional John F. Kennedy
Aeropuerto Internacional Jorge Chavez
Aeropuerto Internacional Jorge Chávez
Aeropuerto Internacional Jose Maria Cordova
Aeropuerto Internacional José María Córdova
Aeropuerto Internacional La Union
Aeropuerto Internacional Lima-Callao
Aeropuerto Internacional Nnamdi Azikiwe
Aeropuerto Internacional Norman Manley
Aeropuerto Internacional Owen Roberts
Aeropuerto Internacional Piedmont Triad
Aeropuerto Internacional Pudong
Aeropuerto Internacional Punta Cana
Aeropuerto Internacional Punta Caucedo
Aeropuerto Internacional Quad City
Aeropuerto Internacional Qurghonteppa
Aeropuerto Internacional Rosario
Aeropuerto Internacional Sir Donald Sangster
Aeropuerto Internacional Sky Harbor
Aeropuerto Internacional Southwest Florida
Aeropuerto Internacional Washington-Dulles
Aeropuerto International de Isla Verde
Aeropuerto Jose Celestino Mutis
Aeropuerto José Celestino Mutis
Aeropuerto Jose Marti, Rancho-Boyeros, Habana
Aeropuerto Juan Simon Vela
Aeropuerto Lopez Portillo
Aeropuerto Los Colonizadores
Aeropuerto Marcos A. Gelabert
Aeropuerto Mercedes
Aeropuerto Mercedita
Aeropuerto Metropolitano de Stockton
Aeropuerto MEX - terminal internacional
Aeropuerto MEX - terminal nacional
Aeropuerto Monterey Peninsula
Aeropuerto Municipal Brown Field
Aeropuerto Municipal de Abbeville
Aeropuerto Municipal de Coolidge
Aeropuerto Municipal de Fort Frances
Aeropuerto Municipal de Fullerton
Aeropuerto Municipal de Oceanside
Aeropuerto Municipal de Redding
Aeropuerto Municipal de Scottsdale
Aeropuerto Nacional Capitan Rogelio Castillo
Aeropuerto Nacional Capitán Rogelio Castillo
Aeropuerto Nacional de Lazaro Cardenas
Aeropuerto Nacional de Lázaro Cárdenas
Aeropuerto Nacional Ronald Reagan de Washington
Aeropuerto Nueva Hesperides
Aeropuerto Paris-Orly
Aeropuerto París-Orly
Aeropuerto Regional de Pocatello
Aeropuerto Regional de Rapid City
Aeropuerto Regional de Walnut Ridge
Aeropuerto Regional Northwest Arkansas
Aeropuerto Reyes Murillo
Aeropuerto Rodriguez Ballon
Aeropuerto Santa Isabel
Aeropuerto Santiago Perez Quiroz
Aeropuerto Santiago Pérez Quiróz
Aeropuerto Santiago Vila
Aeropuerto Simon Bolivar Guayaquil
Aeropuerto Teniente General Gerardo Perez Pinedo
Aeropuerto Teniente General Gerardo Pérez Pinedo
Aeropuerto Trinidad
Aeropuerto Yariguies
Aeropuerto Yariguíes
Aeropuertu de Tan Son Nhat
Aero Talleres Bahia Blanca
Aerotre
Aerovilla Airport
Agartala Airport
Agua Caliente Airport
Aguachica Fabel
Aguada de Pasajeros NE
Aha-quin Airport
Aiken Municipal Airport
Aire Parque Airport
Airglades Airport
Airlane Enterprises Airport
Air Orlando Heliport
Aix-en-Provence
Ajaccio-Napoleon-Bonaparte
Ajncon del Salto
Akron General Medical Center Heliport
Akron Municipal Airport
Alachua General Hospital Heliport
Albacete / Los Llanos
Albany Municipal Airport
Albert Guido Memorial Heliport
Albert Lea Municipal Airport
Alberto Delgado
Alberto Lleras Camargo Airport
Albia Municipal Airport
Albuquerque International Airport
Alcides Fernandez Airport
Alencon-Valframbert
Alexander Municipal Airport
Alexandria Borg El Arab
Alexandria Esler Regional Airport
Alfredo Vasquez Cobo International Airport
Algarrobo
Algarrobo Efa
Algodonal
Algona Municipal Airport
Alicante Airport
Alico Airport
Allen C Perkinson Municipal Airport
Alliance Municipal Airport
Allison Municipal Airport
Alloy Heliport
Almafuerte
Alma Municipal Airport
Almena Airport
Almeria / Aeropuerto
Almirante Padilla Airport
Almyra Municipal Airport
Alpine-Casparis Municipal Airport
Alta Airport
Altagracia de Orituco
Alta Sierra Airport
Altay Airport
Alto Molocue
Alto Palena Airport
Alturas Municipal Airport
Altus Municipal Airport
Alva Municipal Airport
Alvear/Aeroparque Rosario
Ames Municipal Airport
Amigos Del Cielo Airport
Amparo Caballero
Anacapa View Estates Heliport
Anaco
Anacortes Airport
Anacostia Helicopter Facility
Anadarko Municipal Airport
Anchialos Airport
Ancona Airport
Ancuabe
Andacollo
Andalusia, Andalusia-Opp Municipal Airport
Andernos-les-Bains
Anderosa Airpark
Anderson Municipal Airport
Andorra la Vella Heliport
Andre Miguel Salazar Marcan
Andros Central
Angel de la Guarda
Angostura Lake Resort
Ann Arbor Municipal Airport
Antonio Carlos Jobim International Airport
Antonio Enes
Antonio Rivera Rodriguez Airport
Apalachicola Municipal Airport
Aparri
Apartado / Los Cedros
Apucarana Airport
Aqaba Airport
Aqualon Heliport
Aracataca
Aracatuba Airport
Aragarcas
Aramac Airport
Arapahoe Municipal Airport
Araracuara Airport
Arauquita
Arcadia Municipal Airport
Arco Airport
Arco Plaza Heliport
Ardmore Municipal Airport
Arenal Airport
Arenas Tres
Arezzo
Argonia Municipal Airport
Ariguani
Ariporo
Aripuana Airport
Arkansas Valley Regional Medical Center Heliport
Armenia / El Eden
Armidale Airport
Arnos Vale Airport
Aropa
Arorae Airport
Arrecifes
Arriba
Arroyitos
Arroyo Barril
Arroyo el Infante
Arroyo Las Palmas
Arroyo Manantiales
Arroyo Y Esteros
Artesia Municipal Airport
Ascencion De Guarayos
ASH Personal Heliport
Aspen Airport
Aspen Valley Hospital Heliport
Astoria Heliport
Asuncion / Aeropuerto
Atlanta Airport
Atlanta Municipal Airport
Atlantic Municipal Airport
Atmore Municipal Airport
Augusta Municipal Airport
Au Heliport
Aurillac
Avenal Airport
Aveno Airfield
Aventura Heliport
Aviacion Pampa
Aviacres Airport
Avi Suquilla Airport
Bacerac
Bachaquero
Backus Municipal Airport
Badas Placer
Bagdad Airport
Bagley Municipal Airport
Bahia De Caraquez
Bahia de Los Angeles
Baisden Airport
Bajo Los Leones
Balcanoona Airport
Bald Knob Municipal Airport
Balmaceda Airport
Balneario Monte Hermosa
Banco Popular Center Heliport
Bandar Udara Internasional General Francisco Javier Mina
Bandar Udara Lazaro Cardenas
Bandar Udara Lázaro Cárdenas
Bandar Udara Rodez-Marcillac
Bandel Airport
Baracoa, Oriente
Barajas
Baramita Airport
Barcelona Airport
Bario Airport
Bar J Lazy V Airport
Barnes Municipal Airport
Barnstable Municipal Airport-Boardman/Polando Field
Barra
Barra del Colorado Airport
Barra Do Garcas
Barra do Garcas Airport
Barrancabermeja / Yariguies
Barranca de Cobre
Barranca De Upia
Barrere Hermanos
Barriles
Barro
Barron Hospital Heliport
Barron Municipal Airport
Barten Airport
Barton Heliport
Barton Memorial Airport
Basco Airfield
Base Aera de San Isidro
Base Aéra de San Isidro
Base Aérea Capitán Luis Fernando Gómez Niño
Base Aérea de Apiay
Base aérea de Columbus
Base aérea de Thule
Base Aerea de Torrejon de Ardoz
Base Aérea de Torrejón de Ardoz
Base Aérea Libertador
Base de la Fuerza Aerea Fairchild
Base de la Fuerza Aérea Fairchild
Base de la Fuerza Aerea Moody
Base de la Fuerza Aérea Moody
Base de la Fuerza Aerea Randolph
Base de la Fuerza Aérea Randolph
Base Los Condores
Base Militar Albrook de la Aviacion
Base Militar Howard de la Aviacion
Base Militar Howard de la Aviación
Basilea-Mulhouse
Bates Memorial Hospital Heliport
Baxley Municipal Airport
Belmond Municipal Airport
Belmonte Airport
Bel-Voir Acres Airport
Benalla Airport
Benavides Dos
Bend Municipal Airport
Benidorm
Benito Salas Airport
Benquerencia
Benton Municipal Airport
Beograd / Surcin
Bergamo / Orio Al Serio
Berlin Aeropuerto Schönefeld
Berlin Aeropuerto Tegel
Bermejo Airport
Bermuda Dunes Airport
Bernardo de Irigoyen
Bertino Heliport
Bilaspur Airport
Bil Lo Airport
Biloela Airport
Bismarck Municipal Airport
Bison Municipal Airport
Blanca Airport
Blosser Municipal Airport
Blue Mesa Heliport
Boca de la Honda
Boden Airport
Bogota / Eldorado
Bolivar Municipal Airport
Bombay / Santacruz
Bonanza Hills Airport
Boone Municipal Airport
Boonville Municipal Airport
Boras/Viared
Borispol Airport
Borrego Valley Airport
Borroloola Airport
Bosaso Airport
Boscobel
Boscobel Airport
Boston Heliport
Bouca Airport
Boulder Municipal Airport
Bouna Airport
Bowdle Municipal Airport
Boyceville Municipal Airport
Braun Airport
Brooten Municipal Airport
Brundidge Municipal Airport
Brus Laguna Airport
Bubaque Airport
Budde Airport
Buell Airport
Buena Airport
Buena Hora
Buena Terra Airport
Buenaventura
Buena Vista Airport
Buena Vista Farm Airport
Buenes Aires
Buenos Aires Airport
Buenos Aires Observatorio
Buenos Aires/Santander
Bueyeros CO2 Plant Airport
Buffalo Municipal Airport
Buhl Municipal Airport
Bundoran Airport
Buol Airport
Burgos / Villafria
Burns Municipal Airport
Buturama
Caballococha Airport
Cabana La Querencia
Cabo Cañaveral
Cabo San Miguel
Cabrera
Cacador Airport
Caceres
Cacic Airport
Cacinci East
Caddo Mills Municipal Airport
Cafunfo Airport
Cagayan de Oro Airport
Cagliari Elmas Airport
Caibarien
Caibarién
Caicara del Orinoco Airport
Caiguna Airport
Calabozo Airport
Cal Acres Airport
Caledon
Calexico, Calexico International Airport
Calobre
Caloundra Airport
Calzada Larga
Camaguey Aeropuerto
Camarillo Airport
Camarones
Cambaceres
Cambier Airport
Cambria Airport
Cambridge Bay
Cambridge Bayn lentoasema
Cambridge Memorial Hospital Heliport
Camden Airport
Camden Municipal Airport
Camdenton Memorial Airport
Cameron Heliport
Cameron Memorial Airport
Cameron Texaco Heliport
Camilo Torres
Camino Cienfuegos
Camino Real Centre Heliport
Camiri
Camp 11 Heliport
Camp 14 Heliport
Camp 15 Heliport
Camp 2 Heliport
Camp 8 Heliport
Campbellpore Airport
Campechuela
Camp Garcia Vieques Airport
Camp Guernsey Airport
Campobello Airport
Campo de Aviacao de Lala
Campo Ele
Campo Garza
Campos Sales
Camp San Luis Obispo Airfield
Canada de la Gomez
Canada La Paloma
Canada Los Churros
Canadon Seco
Canajoharie Airport
Canal Fulton Airport
Canarana Airport
Candala Airport
Candelaria Airport
Canobie Airport
Cano Juriepe
Cano Juriepe Este
Cano Juriepe Norte
Cano La Esmeralda
Cano La Esmeralda Norte
Cano Las Tres Matas
Cano Los Aracos
Cano Los Araguatos
Cano Los Araguatos Este
Cano Manantiales Este
Cano Manantiales Nordeste
Cano Manantiales Norte
Cano Manantiales Sur
Cano Mocho
Canon de Nueva York
Cantera
Canton Municipal Airport
Canuelas
Cañada La Paloma
Cañada Los Churros
Caño La Pola
Cape Coral Hospital Heliport
Capen Airport
Capitan Av. Vidal Villagomez Toledo Airport
Capitan Carlos Martinez de Pinillos
Capitan de Av. Emilio Beltran Airport
Capitán de Av. Emilio Beltrán Airport
Capitan Fuentes Martinez Airport Airport
Capitol Airport
Capra Farms Heliport
Captain Luis Fernando Gómez Niño Air Base
Caquetania
Caracas / La Carlota
Caralampio
Caravelas
Carimagua Airport
Carlisle Municipal Airport
Carlisle Squadron 305 Civil Air Patrol Airport
Carlos Beguerie
Carlos Casares
Carlos Miguel Gimenez Airport
Carmelita Nordeste
Carmen
Carmen de Bolivar
Carmen de Bolívar
Carmen Del Parana
Carmi Municipal Airport
Car Nicobar
Caro Municipal Airport
Carora Airport
Caro, Tuscola Area Airport
Carpentras
Carrera Airpark
Carriacou
Carrillo Airport
Carrillon Airport
Carrizal Bajo
Carrizals
Carrizozo Municipal Airport
Carrollton Memorial Airport
Carupano / Gen. Jose
Casablanca
Casa Grande Municipal Airport
Casa Madero
Cascabel Air Park
Cascade Holiday Inn Heliport
Cascajal
Cascavel Airport
Casey Municipal Airport
Casigua El Cubo Airport
Castres-Mazamet
Castroville Municipal Airport
Catamayo / Camilo Ponce Enriquez
Caterpillar Aurora Heliport
Caucaya Airport
Cavalier Municipal Airport
Caviahue Airport
Cayo Coco
Cayo Jicotea
Cayo Largo Del Sur
CBD Heliport
Ceballos
Cedar Lane Airport
Cedar Run Airport
Cedrito
Cedro
Ceduna Airport
Center Municipal Airport
Central Airport
Central Arkansas Hospital Heliport
Central Colorado Regional Airport
Centralia Correctional Center Heliport
Centralia Municipal Airport
Central Manor Airport
Central Pad Heliport
Central Valley Medical Center Heliport
Central Venezuela
Centre Municipal Airport
Centro Aéreo de Combate No. Seis Tres Esquinas
Ceraso
Cerrado El Pato
Cerro del Ombligo
Cerro del Sasabe
Cerro Los Manantiales
Cerro Prieto
Cerros Airstrip
Cerro San Carlos
Cerro Sombrero
Cerros Rayados
Cesis
Ceuta Heliport
CGH Medical Center Heliport
Chacabuco
Chacalluta
Chacarita
Chadron Municipal Airport
Chandelle Estates Airport
Chañaral
Chaparral
Chaparrosa Ranch Airport
Chapeco Airport
Chapin Medical Pad Heliport
Charco del Nido
Chariton Municipal Airport
Chase Plaza Heliport
Chena Marina Airport
Chicago Glider Club Gliderport
Chico Municipal Airport
Childrens Hospital Los Angeles Heliport
Chios Airport
Chloride Airport
Chulucanas
Chupadero del Caballo
Cianbro Heliport
Cibecue Airport
Cicia Airport
Ciego de Avila
Ciego de Ávila
Cielo Grande Ranch Airport
Cienfuegos, Las Villas
Cilacap
Cimarron Municipal Airport
Cimitarra Airport
Cisco Municipal Airport
Ciudad Acuna
Ciudad Bolivar
Ciudad Camargo
Ciudad Constitucion Airport
Ciudad Cuauhtemoc
Ciudad de Durango
Ciudad Del Carmen
Ciudad Guerrero
Ciudad Guzman
Ciudad Juarez
Ciudad Lerdo
Ciudad Mante National Airport
Ciudad Obregon
Ciudad Obregon New
Ciudad Piar
Ciudad Victoria
Ciudad Victoria Airport
Clamecy
Claremont Municipal Airport
Clare Municipal Airport
Clarence Aerodrome
Clarence E Page Municipal Airport
Clarendon Memorial Hospital Heliport
Clarendon Municipal Airport
Clarion Heliport
Clarion Municipal Airport
Clay Center Municipal Airport
Cle Elum Municipal Airport
Clovis Municipal Airport
Cnas Marie
Coalinga Municipal Airport
Coatepeque
Cobar Airport
Cobue
Coca-Cola Airport
Coca-Cola Company
Coco de Mono
Cocodrie Heliport
Codela Airport
Coen Airport
Colac Airport
Co La Paja
Coleman Municipal Airport
Coloma Municipal Airport
Colonel James Jabara Airport
Colonel Luis Arturo Rodriguez Meneses Air Base
Colonel Luis Arturo Rodríguez Meneses Air Base
Colonia/Bonn
Colonia Catriel Airport
Colonia de Torreoncitos
Colonia de Torreoncitos North
Colonial Acres Airport
Colonia Lazaro Cardenas
Colonia Lazaro Cardenas East
Colorado Antique Field Airport
Colorado City Municipal Airport
Comando V Cuerpo Ejercito
Comilla Airport
Commerce Municipal Airport
Comunidad Loma Alto
Comunidad Villa Copacabana
Concelcao
Concepcion de la Sierra
Concepcion de la Sierra East
Concord Municipal Airport
Concrete Municipal Airport
Confresa Airport
Conoco Heliport
Constantine/Ain el Bey
Coolidge Municipal Airport
Coonabarabran Airport
Coorabie Airport
Copacabana
Copan Ruinas Airport
Cordes Airport
Cordoba Aerodrome
Cordoba / Aeropuerto
Corona Airport
Corona Municipal Airport
Coronel Bogado
Coronel E Carvajal Airport
Coronel Enrique Soto Cano Air Base
Corque
Corral
Corralitos Airport
Corrane
Corregidor Airfield
Corrientes Aero.
Corsica Municipal Airport
Corvallis Municipal Airport
Cosmodyne Heliport
Costa Marques Airport
Costa Pucu
Cotriguacu
Council Grove Municipal Airport
Council Municipal Airport
Covenant Medical Center Heliport
Coveñas
Coyoles
Cozad Municipal Airport
Cradock
Crazy Horse Municipal Airport
Crespo
Crespo Airfield
Creston Municipal Airport
Crete Municipal Airport
Crosby Municipal Airport
Crosbyton Municipal Airport
Cuamba Airport
Cuatros Vientos Airport
Cuba Memorial Hospital Heliport
Cuba Municipal Airport
Cubero Airport
Cudal Airport
Cue Airport
Cuenca / Mariscal Lamar
Cuernavaca, Mor.
Cuero Municipal Airport
Cuesticitas East
Cuiaba Aeroporto
Culantrillo
Culdrose
Culpeper Memorial Hospital Heliport
Curitibanos Airport
Curtis Municipal Airport
Cuyo Airport
Dajarra Airport
Dalanzadgad Airport
Dallas CBD Vertiport
Dalonia Airport
Dalton Municipal Airport
Dar Es Salaam Airport
Davenport Municipal Airport
Day Aero-Place Airport
Deaconess Medical Center Heliport
Debremarcos
Decorah Municipal Airport
De La Independencia Airport
Delano Municipal Airport
Del Bajio / Leon
De Leon Municipal Airport
Del Monte Airport
Del Savio Airport
Delta Municipal Airport
Dembidollo Airport
Demopolis Municipal Airport
Denison Municipal Airport
Denton Municipal Airport
Depue Airport
Des Moines General Hospital Heliport
Devine Municipal Airport
Dexter Municipal Airport
Diaca
Dices Personal Heliport
Diego Jimenez Torres Airport
Dillen Personal Airport
Diosdado Macapagal International Airport
Dix Sept Rosado
Doctor Antonio Nicolas Briceno
Doctors Mesa Airport
Dolpa Airport
Donegal Airport
Doniphan Municipal Airport
Doral-Telluride Heliport
Dos Lagunas Airport
Dos Palos Airport
Douala Obs.
Doyle Estates Airport
Dracena Airport
Dr. Antonio Nicolas Briceno
Dubuque Regional Airport
Duclos RLA Airport
Duflo Airport
Duncan Municipal Airport
Dundo Airport
Durango Airport
Durnacol
Durnacola
Dusseldorf International Airport
E30
EAA
EAB
EAB Plaza Heliport
Eads Municipal Airport
EAE
Eagle Crest Estates Airport
Eagles Aerodrome
EAL
EAM
EAP
EAR
EAS
Easton Municipal Airport
Eastport Municipal Airport
EAT
EAU
EBA
EBAW
EBB
EBBE
EBBL
EBBR
EBBT
EBBX
EBCI
EBCV
EBD
EBFN
EBFS
EBG
EBJ
EBKT
EBL
EBLG
EBM
EBMB
EBNM
EBO
EBOS
EBS
EBSP
EBST
EBSU
EBTN
EBU
EBW
EBWE
EBZH
EBZR
EBZW
ECG
ECH
Echuca Airport
ECN
ECO
ECP
ECR
ECS
ECU
EDA
EDAC
EDAD
EDAH
EDAK
EDAM
EDAN
EDAO
EDAP
EDAT
EDAY
EDB
EDBH
EDBK
EDBM
EDBP
EDBW
EDBX
EDBY
EDCA
EDCB
EDCD
EDCM
EDCP
EDCQ
EDCT
EDCU
EDCV
EDD
EDDC
EDDE
EDDF
EDDG
EDDH
EDDK
EDDL
EDDM
EDDN
EDDP
EDDR
EDDS
EDDT
EDDV
EDDW
EDE
EDEH
EDEL
EDEM
Edenton Municipal Airport
EDEW
EDF
EDFB
EDFC
EDFE
EDFG
EDFH
EDFI
EDFJ
EDFK
EDFM
EDFP
EDFQ
EDFS
EDFT
EDFU
EDFV
EDFX
EDFY
EDFZ
EDG
EDGA
Edgeley Municipal Airport
EDGH
EDGI
EDGJ
EDGK
EDGM
EDGN
EDGP
EDGQ
EDGR
Edgren Airport
EDGS
EDGT
EDGU
EDGX
EDGZ
EDHB
EDHI
EDHK
EDHL
EDHM
EDHN
EDHO
EDHS
EDHU
EDHW
EDI
Edison Square Heliport
EDJA
EDK
EDKA
EDKB
EDKD
EDKH
EDKI
EDKL
EDKM
EDKN
EDKR
EDKV
EDKW
EDKZ
EDL
EDLB
EDLC
EDLE
EDLH
EDLJ
EDLM
EDLN
EDLO
EDLP
EDLR
EDLT
EDLV
EDLW
EDM
EDMA
EDMC
EDMD
EDME
EDMH
EDMI
EDMJ
EDMK
EDML
EDMN
EDMO
Edmonton Municipal Alta.
EDMQ
EDMT
EDMW
EDMY
EDNA
Edna Municipal Airport
EDNC
EDND
EDNE
EDNG
EDNH
EDNJ
EDNL
EDNM
EDNP
EDNR
EDNS
EDNT
EDNU
EDNV
EDNW
EDNY
EDO
EDOC
EDOD
EDOL
EDOQ
Edo Seaplane Base
EDPA
EDPB
EDPD
EDPE
EDPF
EDPG
EDPH
EDPQ
EDPS
EDPT
EDQ
EDQB
EDQD
EDQF
EDQH
EDQI
EDQL
EDQM
EDQN
EDQO
EDQP
EDQZ
EDR
EDRA
EDRB
EDRD
EDRF
EDRI
EDRJ
EDRK
EDRL
EDRN
EDRO
EDRW
EDRY
EDRZ
EDSA
EDSB
EDSH
E D S Heliport
EDSK
EDSL
EDSN
EDSP
EDSW
EDTC
EDTD
EDTG
EDTH
EDTK
EDTL
EDTM
EDTN
EDTO
EDTP
EDTU
EDTW
EDTX
Eduardo Falla Solano Airport
EDUZ
EDVA
EDVC
EDVE
EDVF
EDVG
EDVH
EDVI
EDVJ
EDVK
EDVL
EDVN
EDVR
EDVS
EDVU
EDVY
EDWA
EDWC
EDWD
EDWE
EDWG
EDWH
EDWI
EDWJ
EDWK
EDWL
EDWM
EDWN
EDWQ
EDWR
EDWS
EDWU
EDWV
EDWX
EDWY
EDWZ
EDXA
EDXC
EDXD
EDXE
EDXF
EDXH
EDXI
EDXJ
EDXL
EDXN
EDXO
EDXP
EDXR
EDXS
EDXU
EDXW
EDXY
EDXZ
EECL
EED
EEK
EEKA
EEKE
E E Lane Airport
EEN
EENI
EEO
EEPU
eestancia kjtun
EET
EETN
EETU
EFB
EFC
EFD
EFET
EFFO
EFG
EFHA
EFHE
EFHF
EFHK
EFHV
EFIT
EFIV
EFJO
EFJY
EFK
EFKA
EFKE
EFKI
EFKJ
EFKK
EFKS
EFKT
EFKU
EFL
EFLA
EFLP
EFMA
EFMI
EFOU
EFPO
EFPU
EFRO
EFSA
EFSI
EFSO
EFT
EFTP
EFTU
EFUT
EFVA
EFVR
EFYL
EGA
EGAA
EGAB
EGAC
EGAE
EGBB
EGBE
EGBJ
EGBK
EGBN
EGC
EGCC
EGCD
EGCN
EGDC
EGDK
EGDL
EGDM
EGDP
EGDR
EGDX
EGDY
EGE
EGEC
EGED
EGEF
EGEH
EGEL
EGEN
EGEO
EGEP
EGER
EGES
EGET
EGEW
EGEY
EGFE
EGFF
EGFH
EGGD
EGGP
EGGW
EGH
EGHC
EGHD
EGHE
EGHH
EGHI
EGHJ
EGHK
EGHL
EGHO
EGHQ
EGHR
EGI
EGJA
EGJB
EGJJ
EGKA
EGKB
EGKK
EGKR
EGL
EGLC
Egleston Hospital Heliport
EGLF
EGLK
EGLL
EGM
EGMC
EGMD
EGMH
EGN
EGNC
EGND
EGNH
EGNJ
EGNL
EGNM
EGNR
EGNS
EGNT
EGNV
EGNX
EGO
EGOD
EGOS
EGOV
EGOW
EGP
EGPA
EGPB
EGPC
EGPD
EGPE
EGPF
EGPH
EGPI
EGPK
EGPL
EGPM
EGPN
EGPO
EGPT
EGPU
EGQB
EGQK
EGQL
EGQM
EGQS
EGS
EGSC
EGSH
EGSS
EGSU
EGTC
EGTE
EGTG
EGTK
EGTN
EGTO
EGTR
EGUA
EGUB
EGUD
EGUL
EGUN
EGUO
EGUP
EGUW
EGUY
EGV
EGVA
EGVG
EGVI
EGVJ
EGVL
EGVN
EGVO
EGVP
EGVT
EGWA
EGWC
EGWU
EGWZ
EGX
EGXC
EGXD
EGXE
EGXG
EGXH
EGXJ
EGXN
EGXP
EGXT
EGXU
EGXW
EGXZ
EGYD
EGYE
EGYM
EGYP
EHA
EHAM
EHBK
EHDB
EHDL
EHEH
EHGG
EHGR
EHKD
EHL
EHLE
EHLW
EHM
EHO
EHR
EHRD
EHTE
EHTL
EHTW
EHVB
EHVK
EHWO
EIA
Eia Airport
EIBN
EIBT
EICA
EICB
EICD
EICK
EICM
EIDL
EIDW
EIE
EIH
EII
EIIM
EIIR
EIK
EIKK
EIKN
EIKY
EIL
Eil Airport
EILT
EIME
EIN
EINN
EIS
Eisco Airport
EISG
EIWF
EIY
EJA
EJH
Ejido Boquillas del Carmen
Ejido El Aguila
Ejido El Claro
Ejido El Porvenir
Ejido El Triunfo
Ejido Jaboncillos
Ejido La Luz
Ejido La Potasa
Ejido La Tinaja
Ejido San Miguel
Ejido San Miguel South
EJT
EKA
EKAE
EKAH
EKAV
EKB
EKBI
EKCH
EKD
EKEB
EKHG
EKHO
EKKA
EKKL
EKLS
EKLV
EKM
EKMB
EKN
EKNS
EKO
EKOD
EKPB
EKQ
EKRD
EKRK
EKRN
EKRR
EKRS
EKS
EKSB
EKSD
EKSN
EKSP
EKSV
EKT
EKTD
EKTS
EKVB
EKVD
EKVG
EKVJ
EKVL
EKX
EKYT
El Abred
El Aguacate
El Alamo
El Amparo
Elandspad
El Arish
El Avellano Airport
ELB
El Bagre
El Banco
El Banco Sur Suroeste 2
El Banco Sur Suroeste Dos
El Barrosa
Elbel Airport
El Belloto
El Berriel GCLB
Elblag
El Bolson Aerodrome
El Bonito
El Boqueron
El Borma
El Bosque
El Bosque Airport
ELC
El Caballero Airport
El Cacao
El Calafate Airport
El Callao
El Campamento
El Campo Airpark
El Canelo
El Caney
El Cantaro
El Capitan Lodge Seaplane Base
El Carano Airport
El Caraño Airport
El Caribe
El Carrizo
El Cedro
El Cencerro
El Centro, Naval Air Facility
El Cerro
El Chacero
El Champan
El Charco
El Chivero
El Cipres
El-Co Airport
El Consuelo
El Control
El Copey
El Cortezo
El Coyote
El Cuadrada
ELD
El Danubio Oeste
El Debba Airport
El Desemboque
El Diamante
El Dificil
El Dificil Pueblo
El Djebil
Eldon Model Airpark
El Dorado
Eldorado Airport
El Dorado International Airport
El Dorado Springs Memorial Airport
Eldorado Substation Heliport
Eldora Municipal Airport
Eldoret
El Dormitorio
Elefsis Airport
El Embrujo Airport
Elert Airport
El Estribo
ELF
El Frances
El Frio
El Fuentero
El Fuerte
ELG
El Galpon
El Garateno
El Gavilan
Elgin Intracontinental Airport
Elgin Municipal Airport
El Golea
El Golea Airport
El Gora Airport
El Grullo
El Guamo/Barzales
El Guayabo
El Guerar
ELH
El Hajeb
ELI
Elim
Elim Airport
Elista Airport
El Ixcan
Elizabethton Municipal Airport
Eliza Island Airport
ELJ
El Jabillal
El Jaguel Airport
El Jeton
El Jibaro
El Jobo
El Junquillo
ELK
Elkedra Airport
El Kelaa des Mgouna
El Kharga Airport
Elkhart Municipal Airport
Elkin Municipal Airport
Elko Regional Airport
ELL
Ellamar Seaplane Base
Ellendale Municipal Airport
El Libertador AB
El Libertador Air Base
El Limon
Ellison Airport
El Llano
El Loa Airdrome
El Loa Airport
El Lucero
ELLX
ELM
El Maiten Airport
El Mamoncillo
Elma Municipal Airport
El Mango
El Manteco
El Martirio
El Mataco
El Mellah Airport
Elmendorf Hospital Heliport
Elmer Airport
El Milagro
El Milagro 1
El Milagro 2
El Milagro Dos
El Milagro Uno
El Minya
El Mirador
El Mirador Airport
El Mirage Field Adelanto Airport
El Monte Airport
El Morro
El Mosco
Elmport Heliport
ELN
El Naranjo Airport
El Nido Airport
El Novillo
El Nuevo Mercurio
El Ojo
El Ojo de Agua
El Olivo
El Oro
Elorza
El Oued
Eloy Municipal Airport
ELP
El Paisano Airport
El Pajarito
El Palmar
El Palmito
El Palomar Aerodrome
El Palomar Airport
El Panche
El Paraiso
El Paral
El Paso Natural Gas Co Airport
El Pato
El Peco Ranch Airport
El Peligro
El Peso
El Peten Airport
El Picazo
El Pichon
El Pinal
El Pinalto
El Pinar
El Pleito
El Plomito
El Portillo
El Porvenir
El Progreso
El Puebilto
El Pueblito
El Puente
El Puentecito
ELQ
El Quiteno
El Quiteve
El Quiteve Noroeste
ELR
El Ranchito
El Rancho
El Rancho Airport
El Rancho Nuevo
El Real
El Recreo
El Remate
El Reno
El Reno Airport
El Retiro
El Rico Airport
El Rincon
El Rosario Valley
Elroy Municipal Airport
ELS
El Salada
El Salada 1
El Salada 2
El Salado
El Salvador
El Salvador Bajo
Elsanor Airport
El Secreto
El Sinai
El Suga
ELT
El Tapon
El Teradid
El Tigra 2
El Tigre
El Tigre Noroeste
El Tigre Norte
El Tiro Gliderport
El Toco
El Tofo
El Tor
El-Tor Airfield
El Totuma
El Trapiche
El Trebol
El Trompillo
El Trompillo Airport
El Troncal
El Tropezon
El Tuido
El Tuqui
ELU
ELV
El Vado State Park Airport
El Vecino
El Viento
El Vigia
El Vigia / Perez Alph
El Viso del Toro
El Volcan
ELX
ELY
El Yagual
El Yarual
Ely Municipal Airport
Elyria Airport
Elyria Memorial Hospital Heliport
Elz
ELZ
El Zorro
EMA
Emanuel Medical Center Heliport
Embarcacion
EMD
EME
Emergency Medical Heliport
EMI
EMK
Emlenton Municipal Airport
EMM
Emmanuel Airport
EMN
EMO
EMP
EMS Heliport
EMT
EMV
EMX
EMY
ENA
ENAL
ENAN
Enarotali
ENAS
ENAT
ENB
ENBJ
ENBL
ENBM
ENBN
ENBO
ENBR
ENBS
ENBV
ENC
Encarnacion
ENCN
END
Ende Airport
ENDI
ENDR
ENDU
ENE
Eneabba Airport
ENEV
ENF
ENFG
ENFL
ENFR
ENGC
ENGM
ENH
ENHA
ENHD
ENHE
ENHF
ENHK
ENHV
ENI
ENJ
ENJA
ENK
ENKB
ENKL
ENKR
ENL
ENLI
ENLK
Enloe Hospital Heliport
ENM
ENMH
ENML
ENMS
ENN
ENNA
Ennis Municipal Airport
ENNK
ENNM
ENNO
ENO
ENOA
Enochville Airport
ENOL
ENOV
ENRA
ENRM
ENRO
ENRS
ENRY
ENS
ENSB
ENSD
ENSG
ENSH
ENSK
ENSN
ENSO
ENSR
ENSS
ENST
ENT
ENTC
Enterprise Airport
ENTO
Entre Rios
Entropy Airport
ENTY
ENU
Enua Airport
Enugu Airport
ENV
ENVA
ENVD
ENVR
ENW
ENY
ENZV
EOH
EOI
EOK
EOR
EOS
EPA
EPBP
EPBY
EPEL
EPGD
EPH
Ephrata Municipal Airport
EPI
EPKK
EPKN
EPKR
EPKT
EPL
EPLE
EPLK
EPLL
EPLU
EPMB
EPMO
EPN
EPNT
EPPO
EPPW
EPR
EPRZ
EPS
EPSC
EPSK
EPT
EPU
EPWA
EPWR
EPZG
EQS
EQY
ERA
Era Helicopters Cameron Base Heliport
Era Heliport
ERB
Erb Acres Airport
ERC
Ercan
ERD
ERF
ERG
ERH
ERI
Erin Aero Airport
ERL
ERM
ERN
Ernabella Airport
Eros Airport
Errol Airport
ERS
ERT
ERU
ERV
ERY
ERZ
ESA
ESB
ESC
Escalante Municipal Airport
Escalon Airport
ESCF
ESCL
ESCM
ESD
ESDA
ESDB
ESDF
ESF
ESG
ESGA
ESGG
ESGH
ESGI
ESGJ
ESGO
ESGP
ESGR
ESGT
ESH
ESIB
ESK
ESKA
ESKC
ESKD
ESKM
ESKN
ESKO
ESKU
ESKV
ESL
Esloev
ESM
ESMA
ESMB
ESME
Esmeraldas-Tachina
ESMF
ESMG
ESMK
ESMO
ESMP
ESMQ
ESMS
ESMT
ESMV
ESMX
ESMY
ESN
ESNA
ESNB
ESND
ESNG
ESNJ
ESNK
ESNL
ESNM
ESNN
ESNO
ESNP
ESNQ
ESNR
ESNS
ESNT
ESNU
ESNV
ESNX
ESO
ESOE
ESOH
ESOK
ESOW
ESP
ESPA
ESPC
ESPD
ESPE
Esperance Airport
Esperanza
Espil
ESQO
Esqueda
Esquel Aerodrome
ESR
ESS
ESSA
ESSB
ESSC
ESSD
Essendon Airport
ESSF
ESSG
ESSH
ESSK
ESSL
ESSP
ESSQ
ESST
ESSU
ESSV
ESSX
EST
ESTA
Establecimiento Kenneth
Establecimiento Rodeo Pampa
Establecimiento San Martin de La Sierra
Establecimiento Santa Ana
Estable Santa Isabel
Estacatira
Estacion Bella Vista
Estacion De Bomberos Heliport
Estacion Doima
Estacion Mata Ortiz
Estacion Villaldama
Estancia Acelain Castillo Larreta
Estancia Algarrobo
Estancia Ayerza
Estancia Barrios Canal
Estancia Belen
Estancia Bolpebra
Estancia Cari Lauquen
Estancia Cerro de la Cruz
Estancia Chacabuco
Estancia Chacabuco West
Estancia Chapu Coya
Estancia Chico
Estancia Compania Copacar
Estancia de Bernardi
Estancia Doldan
Estancia El 5
Estancia El Biznaga
Estancia El Bonete
Estancia El Destino
Estancia El Haras
Estancia El Moro Chico
Estancia El Palomar
Estancia El Polomo
Estancia El Premol
Estancia El Quebracho
Estancia El Reducto
Estancia El Rincon
Estancia Espuela Verde
Estancia Ferreyra
Estancia Fortin 24 de Mayo
Estancia Huinca
Estancia Isla Verde
Estancia Julianas
Estancia La Adolfina
Estancia La Argentina
Estancia La Ballenera
Estancia La Barrancosa
Estancia La Cecilia
Estancia La Corina
Estancia La Dormida
Estancia La Espadana
Estancia La Esperanza
Estancia La Esther
Estancia La Fortena
Estancia La Franca
Estancia La Larga
Estancia La Laura
Estancia La Legua
Estancia La Leontine
Estancia La Lidia
Estancia La Maria Amelia
Estancia La Marne
Estancia La Martina
Estancia La Maya
Estancia La Milagrosa
Estancia La Negra
Estancia La Pastoral
Estancia La Paz
Estancia La Pepita
Estancia La Peregrina
Estancia La Perla
Estancia La Portena
Estancia Las Aguilas
Estancia La Sarah
Estancia Las Cortaderas
Estancia Las Lagunas
Estancia Las Lomas
Estancia Las Palmas
Estancia Las Playas
Estancia Las Silvas
Estancia Las Tres Lomas South
Estancia La Tehuelche
Estancia La Tolderia
Estancia La Totoro South
Estancia La Trinidad
Estancia La Zoila
Estancia Le Fe
Estancia Loma
Estancia Loma Blanca
Estancia Los Alamos
Estancia Los Cerritos
Estancia Los Chanares
Estancia Los Dos Alimos
Estancia Los Hoyos
Estancia Los Leones
Estancia Los Medanos
Estancia Los Platanos
Estancia Los Recovecos
Estancia Los Surgentes
Estancia Los Talas
Estancia Malal Tuel
Estancia Manantiales
Estancia Maria Laura
Estancia Maria Veronica
Estancia Maria Veronica West
Estancia Molina Cue
Estancia Municipal Airport
Estancia Nu Pyahu
Estancia Pindura
Estancia Rosita
Estancia Salto Cue
Estancia San Bernardo
Estancia San Claudio
Estancia San Diego
Estancia San Eloy
Estancia San Francisco
Estancia San Geronimo South
Estancia San Jose
Estancia San Jose del Boqueron
Estancia San Jose South
Estancia San Juan
Estancia San Lorenzo Nueva
Estancia San Luis
Estancia San Martin
Estancia San Narciso
Estancia San Pablo
Estancia San Pablo East
Estancia San Rafael
Estancia San Ramon
Estancia San Ramon East
Estancia San Rogue
Estancia San Simon
Estancia San Solano
Estancia Santa Ana
Estancia Santa Bella South
Estancia Santa Clara
Estancia Santa Ines
Estancia Santa Ines East
Estancia Santa Juana
Estancia Santa Rosa
Estancia Santa Rosa Central
Estancia Santa Teresa
Estancia Sapara
Estancia Sarubi
Estancia Sol de Mayo
Estancia Soledad
Estancia Tandileofu
Estancia Tierra Gaucha
Estancia Tierra Linda
Estancia Toldos Chicos
Estancia Toro Paso
Estancia y Cabana Orion
Estancia Zarza
Estanzuela
Estero El Laurel
Estero San Gregorio
Estes Airport
Estrella Sailport
ESU
ESUE
ESUK
ESUL
ESUP
ESUR
ESUS
ESUT
ESUV
ESVA
ESVG
ESVK
ESVS
ESW
ETAD
Etadunna Airport
Etampes-Mondesir
ETAR
ETAS
ETB
ETBS
ETD
ETEJ
ETEU
ETH
ETHB
ETHC
ETHE
ETHF
ETHL
ETHM
ETHN
ETHR
ETHS
ETHT
ETIC
ETIH
ETIN
ETMK
ETMN
ETND
ETNG
ETNH
ETNJ
ETNL
ETNN
ETNS
ETNT
ETNU
ETNW
ETOR
ETOU
ETR
ETS
ETSA
ETSB
ETSE
ETSF
ETSH
ETSI
ETSL
ETSN
ETUO
ETZ
EUA
EUC
Eucla Airport
EUE
EUF
Eufaula Municipal Airport
EUG
Eugenio Maria de Hostos Airport
EUL
EUM
EUN
Eupora Airport
EUQ
Eurico de Aguiar Salles Airport
Eutaw Municipal Airport
EUX
Evapco Heliport
Evart Municipal Airport
EVB
EVCA
EVD
EVE
EVEA
EVFA
EVG
EVGA
EVH
EVLA
EVM
EVN
EVRA
EVTA
EVV
EVW
EVX
EVY
EWB
EWD
EWE
EWI
EWK
EWN
EWR
Exempla Lutheran Medical Center Heliport
EXI
EXM
Expedicion 14 de Junio National Airport
Expedición 14 de Junio National Airport
EXT
EXX
Exxon Heliport
Exxon Santa Ynez Vessel Heliport
EYAL
EYDR
EYE
EYF
EYK
EYKA
EYKD
EYKL
EYKT
EYL
EYND
EYP
EYPA
EYPP
EYRK
EYS
EYSA
EYVI
EYW
E-Z Acres Airport
EZE
EZF
EZM
EZS
EZV
Fabrica La Argentina
Fair Haven Municipal Airport
Falcon Airport
Falcon Heliport
Fallon Municipal Airport
Fargo Airport
Farmco Field
Farmville Municipal Airport
Farrar Airport
Fasa Airport
Faulkton Municipal Airport
Fecro
Fedor Airport
Felix de Azara
Fergana Airport
Fernando Luis Ribas Dominicci Airport
Ferrara
Ferraraccio Field Airport
Ferrare
Ferraria
Ferros Ranch-Aero Airport
Fertile Municipal Airport
Festus Memorial Airport
Filadelfia Airport
Fiscalia General De La Nacion Heliport
Flamingo Airport
Flamingo Motel Heliport
FLF Gliderport
Florala Municipal Airport
Florence Municipal Airport
Flores Acores
Florida Hospital Lake Placid Heliport
Floydada Municipal Airport
Foley Municipal Airport
Fort Frances Municipal Airport
Fosston Municipal Airport
Franca Airport
Fráncfort-Hahn
Francis Airport
Franciscan Heliport
Francisco
Francisco B. Reyes Airport
Francisco Carle Airport
Francisco De Orellana Airport
Francisco Mendes
Francisco Sarabia
Francisco Secada Vigneta
Francis J Mellar Field
Franconia Airport
Fray Bentos Airport
Fredonia Airport
Frontenac Airport
Fuerte Olimpo Airport
Fuerteventura / Aeropuerto
Fuerteventura Airport
Fuga
Fuga Airfield
Fukue Airport
Fullerton Municipal Airport
Fulton Airport
Fumel-Montayral
Fun-Air Airport
Fundacion
Fundacion Oftalmologica De Santander Heliport
Fundarosa Airport
Fundo de Buenaventura
Fundo La Marquesena
Fundo Las Pampas
Fundo San Carlos
Fundo San Jose
Furancungo
Futaleufu Airport
Futuna Airport
Gackle Municipal Airport
Gadsden Memorial Hospital Heliport
Gadsden Municipal Airport
Gaede Airport
Galegu Airport
Galena Airport
Galesburg Municipal Airport
Galion Municipal Airport
Gamarra
Gamba Airport
Ganadera Salitre Cue
Garden Valley Airport
Gardo Airport
Garita Garcia
Garner Municipal Airport
Garrison Municipal Airport
Gasinci
Gaspe
Gastonia Municipal Airport
Gbadolite Airport
Gemena Airport
General Balgrano
General Conesa
General Electric Airport
General Electric Heliport
Generalisimo Francisco de Miranda
General Leite de Castro Airport
General Santos International Airport
General Ulpiano Paez Airport
General Villegas Airport
Geneseo Airport
Geneva Municipal Airport
Genoa Municipal Airport
Geo Jensen Airport
Gibraltar Airport
Gibraltar Heliport
Gideon Memorial Airport
Gila Bend Municipal Airport
Giles Airport
Giles Memorial Hospital Heliport
Gillen Airport
Girard Medical Center Heliport
Glade Airport
Glade Mill Airport
Gladney Airport
Glasgow Municipal Airport
Glen-Aspen Airport
Glencoe Municipal Airport
Glenormiston Airport
Glidden Municipal Airport
Glide Aero Airport
Gobernador Gordillo
Gobernador Gregores Aerodrome
Goderich Municipal Airport
Gomel Airport
Gonzalo Mejia Airport
Gordon Airport
Gordon Municipal Airport
Governador Valadares Airport
Goya Airport
Graciosa Airport
Granada / Aeropuerto
Gran Canaria Airport
Granja Arguelles
Gran Roque Airport
Grant Municipal Airport
Gravel Run Airport
Grenada Municipal Airport
Grimes Properties Heliport
Groton Municipal Airport
Grove Municipal Airport
Grundy Municipal Airport
Gruver Municipal Airport
GSA Laguna Niguel G/L Helistop
Guadalupe Airport
Guadalupe Hospital Heliport
Gualeguaychu Aerodrome
Guangfu Airport
Guantanamo, Oriente
Guapiles Airport
Guatemala Aeropuertola Aurora
Guaycolec
Guaymaral Airport
Guercif
Guereda
Guerima
Guernsey Airport
Guerra
Guerrero
Guerrero Negro Airport
Guidonia
Guiglo Airport
Gulf Aerospace Heliport
Guna Airport
Gunadito
Gustavo Artunduaga Paredes Airport
Guymon Municipal Airport
Gyanca Airport
Gyor-Per Repueloter
Hacienda Angostura
Hacienda Buritaca
Hacienda Cabadonga
Hacienda Carretas
Hacienda Carutal
Hacienda Casa de Adobe
Hacienda Caudivilla
Hacienda Corralitos
Hacienda de Gay Airstrip Airport
Hacienda El Berrendo
Hacienda El Caimito
Hacienda El Capulin
Hacienda El Carrizalejo
Hacienda El Retiro
Hacienda Guadalupe Uno
Hacienda Hoja Redonda
Hacienda Hotel Heliport
Hacienda Huanaco
Hacienda Labilabi
Hacienda La Capilla
Hacienda La Libertad
Hacienda La Mora
Hacienda La Purisima
Hacienda Laqueprada West
Hacienda Las Lomas
Hacienda Mirador
Hacienda Nueva Encinas
Hacienda Ocoto Bajo
Hacienda Ojo Sierra Almoloya
Hacienda Pedro Prieto
Hacienda Reyes West
Hacienda Sancor
Hacienda San Francisco
Hacienda San Jorge
Hacienda San Miguelito
Hacienda Santa Anita
Hacienda Santa Elena
Hacienda Santa Filomena
Hacienda Santa Rey
Hacienda Santa Rosa
Hacienda Santa Rosa South
Hacienda Santo Domingo
Hacienda Sierra Morena
Hacienda Sur Luna Airport
Hacienda Valle Colombia
Hacienda Vizerta
Hallock Municipal Airport
Hamadán
Hamilton Medical Center Heliport
Hamlin Municipal Airport
Hammonton Municipal Airport
Hana Airport
Hangar Haciendas Airport
Haras El Pelado
Harlan Municipal Airport
Harper Municipal Airport
Harsco Heliport
Hato Buenavista Suroeste
Hato El Beceno
Hato El Becerro
Hato El Corozal
Hato El Salado
Hato Laguna del Junco
Hato Las Margaritas
Hato Nuevo
Haxtun Municipal Airport
Hazen Municipal Airport
Hazleton Municipal Airport
Headacres RLA Airport
Healdton Municipal Airport
Hector Municipal Airport
Helblad Airport
Helena Hospital Heliport
Helipuerto
Hempstead Gliderport
Hena-Lo
Hen & Bacon Airport
Henzada Airport
Hermana Menor
Herman Municipal Airport
Hermiston Municipal Airport
Herradura Lodge Airport
Herreid Municipal Airport
Hesa Airport
Hesperia Airport
Hierro / Aeropuerto
Higuerote
Hillsdale Municipal Airport
Hilo Hospital Heliport
Hinton Municipal Airport
Hoesel Airport
Hogue Airport
Holdenville Municipal Airport
Holmes Regional Medical Center Heliport
Homedale Municipal Airport
Homer Municipal Airport
Hominy Municipal Airport
Hondo Municipal Airport
Hornepayne Municipal Airport
Horton Municipal Airport
Hotel Transamerica Airport
Hoven Municipal Airport
Huachacalla
Hua-lien Airport
Huerfano Ag Airport
Huesca-Pirineos / Airport
Hugoton Municipal Airport
Hunterdon Medical Center Heliport
Huntington Memorial-Pasadena Heliport
Huntsville Municipal Airport
Hurricane Mesa Airport
Hyderabad Airport
Ibiza Airport
Ibiza / Es Codola
Ifni
Ignace Municipal Airport
Iguela
Ikela Airport
Iles de la Madeleine
Immanuel Medical Center Heliport
In Aménas Airport
Incheon Internaciona Aeroportuo
Independence Memorial Airport
Independencia
Indore
Inglaterra Sudoeste
Ingleside Airport
Inta Airport
Internacia Flughaveno Narita
Iquique / Diego Arac
Iraan Municipal Airport
Isabel Municipal Airport
Iscuande
Isla de Tigre  Heliport
Isla Mujeres Airport
Isparta
Ixtlan del Rio
Jacarepagua Airport
Jacarepaguá Airport
Jacintoport Heliport
Jacobia Field
Jacobi Airport
Jacobina Airport
Jacobs Airport
Jacobsen Airport
Jales Airport
James Carl Memorial Heliport
Jameson Memorial Hospital Heliport
Jaque Airport
Jaronv Central
Jena Airport
Jequie Airport
Jerez De La Frontera / Aeropuerto
Jesse Viertel Memorial Airport
Jesus del Rio
Jetmore Municipal Airport
J.M. Velasco Ibarra
Jo Na Acres Airport
Jones Airport
Jonesboro Municipal Airport
Jones Memorial Airport
Jorge Gonzales Torres
Jose Aponte de la Torre Airport
Jose Celestino Mutis Airport
José María Córdova International Airport
Juan de la Cruz
Juan de Tupe
Juazeiro Do Norte
Juina Airport
Juliaca
Juntura Airport
Juruena Airport
Kampel Airport
Karlstad Municipal Airport
Kasiguncu Airport
Keosauqua Municipal Airport
Kimbrel Farm Airport
Knoxville Municipal Airport
Kodiak Municipal Airport
KPNX-TV Studios Heliport
Kucera Residence Airport
La Abraq Airport
La Alegria
La Arboleda
La Argentina
La Atlantida
La Atravesada
La Azucena
Labadie Airport
La Barquerena
Labasa Airport
La Baule-Escoublac
Lablab
La Blanca
Labo Airport
Labrea Airport
La Candelaria
La Carlota
Lace Airport
La Ceiba Airport
La Chorrera Airport
La Cigarra Este 2
La Cigarra Este 4
La Cigarra Este Cuatro
La Cigarra Este Dos
La Cigarra Nordeste
La Cigarra Oeste Suroeste
La Coloma Airport
La Concepcion
Laconia Municipal Airport
La Cordialidad
La Corona
La Costa
La Crosse Municipal Airport
La Cumbre Airport
Lada Airport
La Danesa
La Desirade
Ladoeani
Ladue Ranch Heliport
Ladybrand
La Elsa
La Elvira
La Emilia
La Encantada
La Enea
La Erica
La Esmeralda
Laeso
La Esperanza Ranch Airport
La Estaca
La Esterlina
La Fabrica
La Fe
La Florida Airport
La Fonda Ranch Airport
La Francia
La Gomera Airport
Lago Musters
Lagos Airport
La Graciela Noroeste
La Graciela Norte Noroeste
La Grande Municipal Airport
La Grande Riviere
La Grande Riviere Airport
La Grande Rivieren lentoasema
La Guaira Airport
La Guardia Airport
Lague Airport
Laguna Blanca
Laguna de Gomez
Laguna del Algodonal
Laguna de Salinillas
Laguna Verde
Laguna West
La Hermosa
La Hermosa Noroeste
La Herrera
La Huerfana
La-Icabela
La Jagua
La Jagua Airport
Lajes Acores
La Junta Municipal Airport
Lake Andes Municipal Airport
Lake Elmo Airport
Lake Placid Airport
Lake Preston Municipal Airport
Lake Suzy Estates Airport
Lakota Municipal Airport
La Leona Airport
Lalibela Airport
La Libertad
Lama Airfield
Lama Airport
Lamacarena
Lamar Airport
Lambarene
Lambasa Airport
Lamen Bay Airport
La Merced
La Mercedes
La Mercy Airport
La Mesa del Huracan
La Mesa Los Santos
Lamesa Municipal Airport
La Mesa Park Airport
La Mesa San Pedro Sula
Lamidanda Airport
La Mitad
La Mitad Oeste
La Moderna
Lampasas Airport
Lampedusa Airport
Lancaster Airport
Lancaster General Hospital Heliport
Lancaster Heliport
Lancaster Municipal Airport
Lansford Municipal Airport
La Nubia Airport
Lan-yu Airport
Lanzarote / Aeropuerto
Lanzarote Airport
La Palma
La Palma Airport
La Paloma
La Paloma Heliport
La Paloma Ranch Airport
La Parra
LAPD Central Facilities Heliport
La Pedrera Airport
La Pelada
La Pesca
La Petas Noreste 1
La Pintada
La Porfiada
La Portena
La Porte Plant Heliport
La Pradera
La Prevencion
La Quebradita
Laramie Regional Airport
Larde
La Realidad
La Reforma
Larimore Municipal Airport
La Rioja Aero.
Larnaca
Larnaca International Airport
Larrabee Airport
La Ruana
La Sabana
La Sabana Este
Las Acacias 2
Las Américas International Airport
Las Armas
La Sarre Airport
Las Bocas
Las Bonitas
Las Breas
Las Canas
Las Corobas
Las Crisis
La Serena
Las Heras Airport
Las Lomas
Las Lomitas
Las Margaritas
Las Margaritas 1
Las Margaritas Uno
Las Marias
Las Mestenas
Las Serpientes Airport
Las Tablas 3
Las Tablas Tres
Las Termas Airport
Las Trancas Airport
Las Tunas, Las Tunas
Las Vacas
Las Vegas Airport
Las Vegas Municipal Airport
Las Vegas Suroeste
La Tabatiere Airport
Latina Airport
La Torta
La Trece
La Trinidad de Orichuna
La Trinidad North
La Tunas
La Tuque
Launceston Airport
Laura Airport
Laurel Airport
La Vaneguera Sur
La Vaneguera Suroeste
La Vega de Uvero
La Victoria-Sucre
La Vieja Mires
Lavina Airport
Lawrence Memorial Hospital Heliport
Lawton Municipal Airport
La Y
La Yaguita Este
Lazaro Cardenas
Lazaro Cardenas Airport
Lázaro Cárdenas Airport
Leadore Airport
Legacy Emanuel Hospital Heliport
Legnica
Le Gros Memorial Airport
Le Mars Municipal Airport
Lembo Heliport
Lemmon Municipal Airport
Lempa Airport
Lencero
Lenciunai
Lenora Airport
Lenora Municipal Airfield
Leo Airport
Leonard Municipal Airport
Leonora Airport
Leon / Virgen Del Camino
Leo's Place Airport
Leros
L'Esperance Airport
LHW Heliport
Liberacion
Lieutenant General Gerardo Perez Pinedo Airport
Lieutenant General Gerardo Pérez Pinedo Airport
Ligonier Airport
Lihue Airport
Limon Carro
Limon Municipal Airport
Linton Municipal Airport
Lisbon Municipal Airport
Lismore Airport
Liubliana
Livermore Municipal Airport
Llano Grande
Llano Municipal Airport
Lobo Field
Locarno Airport
Lockport Cambria Airport
Logue Airport
Lomo Airport
Lompoc Airport
Loncopue Airport
London
Londres Aeropuerto Stansted
Lonorore Airport
Lontras Airport
Lonz Airport
Loral Aerospace Heliport
Lorenz Airport
Los Aguacates
Los Alamitos Army Airfield
Los Alamos Airport
Los Andes
Los Angeles
Los Angeles Airport
Los Angeles Times Costa Mesa Heliport
Los Angeles Times-Los Angeles Heliport
Los Banos Municipal Airport
Los Cardones
Los Cardos
Los Carpincho
Los Cerrillos
Los Chanares
Los Chiles Airport
Los Clavellinos
Los Cochinos
Los Codores
Los Códores
Los Colonizadores Airport
Los Cuernos Ranch Airport
Los Ebanos
Los Ebanos Ranch Airport
Los Galleguitos
Los Galleguitos East
Los Garzones Airport
Los Gauchos
Los Hermanitos
Los Hoyos
Los Ingleses
Los Laureles Noroeste
Los Laureles Suroeste
Los Manantiales
Los Mangos de Baragua
Los Menucos Airport
Los Mirasoles
Los Mochis
Los Molinos
Los Negros
Los Olas Center Heliport
Lososina Dolna
Los Palacios
Los Pozuelos Este
Los Robles Regional Medical Center Heliport
Los Sabalos
Los Sabinos
Los Tamarindos
Los Tascales
Los Terreros
Los Toldos
Los Uveros
Loudoun Hospital Center Heliport
Lourdes Hospital Heliport
LPC Heliport
LSR Medical Center Heliport
Lubec Municipal Airport
Lubien
Lucapa
Lucas Airport
Lucena
Lucenec
Lucerne Medical Center Heliport
Lucin Airport
Lucy Henriques Medical Center Heliport
Luena Airport
Luiza Airport
Lumberton Municipal Airport
Lumbia Airport
Luna Farm
Lunda Airfield
Luqa Airport
Luscombe Acres Airport
Lusk Municipal Airport
LZ Carroll Airport
Macae
Macae Airport
Macanal
Macareno
Macenta Airport
Mack Mesa Airport
Macomb Municipal Airport
Macon Municipal Airport
Mactun
Mactún
Maddock Municipal Airport
Maddox Airport
Madera
Madera East
Madera Municipal Airport
Madero
Madill Municipal Airport
Madison Memorial Heliport
Madras Municipal Airport
Madrid / Cuatro Vientos
Madrid / Torrejon
Madsen Airport
Maeora Airport
Mafe - Gibraleon Airport
Mafra Airport
Magdalena Airport
Magruder Memorial Heliport
Malargue Aerodrome
Malco Airport
Malden Regional Airport
Maldonado / Punta Est
Malina Airport
Malmo Airport
Manacas
Manaus Aeroporto
Mancelona Municipal Airport
Mandalgobi Airport
Mandan Municipal Airport
Manga del Colorado Cuatro
Manga del Colorado Dos
Manga del Colorado Tres
Manila Municipal Airport
Mannboro Medical Center Heliport
Mantecal
Mantos de Punitaqui
Maple Lake Municipal Airport
Maquoketa Municipal Airport
Maracay Airport
Mara Lodges
Marambio Base
Marambio Base (Argentina)
Marambio-basen
Marambio-basen (Argentina)
Marana Regional Airport
Marcane
Marceline Municipal Airport
Marcidale Airport
Marcor Heliport
Marcos Juarez
Marcus J Lawrence Medical Center Heliport
Marfa Municipal Airport
Margarita / Del Carib
Marguerite Bay
Maria Dolores Airport
Marian Medical Center Heliport
Maricopa Airport
Maricopa Medical Center Heliport
Marina Municipal Airport
Marinduque Airport
Mariposa y Maguiras
Mariposa-Yosemite Airport
Mariquita
Mariscal Estigarribia
Marla Airport
Marlboro Heliport
Marrero Este
Martin Fierro Airport
Martin Municipal Airport
Masalembo Airport
Mason General Hospital Heliport
Mata de Barrio
Mata en Medio
Mat-Su Regional Medical Center Heliport
Maturaca Airport
Maues Airport
Maun Airport
Mayor Carlos Eduardo Krause Airport
Mayville Municipal Airport
Mbanza Congo Airport
McClellan-Palomar Airport
Mc Clusky Municipal Airport
McDonalds Plaza Heliport
Mc Lendon Airport
McLendon Airport
Mc Ville Municipal Airport
Mecosta Morton Airport
Medano Amarillo
Medford Municipal Airport
Medfra Airport
Medical Heliport
Medina Municipal Airport
Medios Canos
Medios Caños
Melchor de Mencos Airport
Melio Viana Airport
Melo
Meloco
Memorial Heliport
Memorial Hospital Heliport
Mena Intermountain Municipal Airport
Mena, Mena Intermountain Municipal Airport
Mendez Este
Mendez Este Sudeste
Menomonie, Menomonie Municipal Airport-Score Field
Menongue Airport
Menorah Medical Center Heliport
Menorca Airport
Mentone Airport
Mercedes Airport
Mercedita Airport
Merced Municipal Airport
Mercer Medical Center
Mercy Hospital Medical Center Heliport
Mercy Memorial Hospital Heliport
Merida / lic Manuel Crecencio
Meriden Markham Municipal Airport
Meridia Huron Hospital Heliport
Merkel Field Sylacauga Municipal Airport
Merrill Municipal Airport
Merrimack Heliport
Mesa 1 Airport
Mesa Colorada
Mesa Del Rey Airport
Mesa del Veinte
Mesa Heliport
Mesa Hospital Medical Center Heliport
Mesa Verde Airport
Mesa Verde Heliport
Mesa Vista Ranch Airport
Metro Heliport
Metropolis Municipal Airport
Mexico Airdrome
Mexico Farms Airport
Mexico Memorial Airport
Miami-Dade County Mosquito Control Heliport
Middle Caicos Airport
Milaca Municipal Airport
Milford Municipal Airport
Miller Municipal Airport
Milnor Municipal Airport
Milos
Mina Dealena
Mina El Burro
Minto Municipal Airport
Miraflores Airport
Moala Airport
Moanalua Medical Center Heliport
Moba Airport
Mobil Cameron Heliport
Mobridge Municipal Airport
Mococa Airport
Moheli Bandar Es Eslam Airport
Moitaco
Monbaca Benguela
Mono Airport
Monona Municipal Airport
Monos Arana
Monroe Municipal Airport
Montabaur
Montana Deaconess Medical Center Heliport
Monteagudo Airport
Monte Alegre Airport
Monte Carlo
Monte Caseros Aerodrome
Montecitos Oeste
Montelibano Airport
Montendre-Marcillac
Montenegro Airport
Montepuez Airport
Monteria / Los Garzones
Montes Claros
Monte Video
Monte Vista Municipal Airport
Montlucon-Gueret
Monto Airport
Montrose BLM Heliport
Montrose Memorial Hospital Heliport
Moomba Airport
Moosa Memorial Hospital Heliport
Moquegua
Mora Municipal Airport
Morelos
Moron de la Frontera
Morrilton Municipal Airport
Morten Airport
Morton Heliport
Moses Lake Municipal Airport
Mosier Airport
Mosquera
Mosquito Control Heliport
Moulton Municipal Airport
Moundridge Municipal Airfield
Mount Carmel Municipal Airport
Mount Ida Municipal Airport
Moyo Airport
Moyobamba Airport
Mueda
Mueo Airport
Mulatos
Muleshoe Municipal Airport
Mundale Airport
Munday Municipal Airport
Municipal
Municipal de Linares Airport
Munson Airport
Munson Medical Center Heliport
Murcia / San Javier
Murdock Municipal Airport
Murdo Municipal Airport
Murfreesboro Municipal Airport
Musiel Airport
Muzaffarabad Airport
Myrtue Memorial Hospital Heliport
Naco
Naco East
Nacori
Nacozari
Nampa Municipal Airport
Nampa Valley Heliport
Nanuque Airport
Naples Hospital Heliport
Naples Municipal Airport
Napoleon Municipal Airport
Naracoorte Airport
Narrabri Airport
Narrandera Airport
Narsaq Heliport
Nauela
Naval Hospital Orlando Heliport
Navasota Municipal Airport
Navsta Ingleside Heliport
Ndola Airport
Ndolo Airport
Nenana Municipal Airport
Nenana, Nenana Municipal Airport
Neodesha Municipal Airport
Neosho Memorial Regional Medical Center Heliport
Nepalgunj Airport
Nesta Airport
Neuquen Aerodrome
Nez Perce Municipal Airport
Niblack
Nimes-Arles-Camargue
Niquelandia Airport
Niza Aeropuerto
Noacan
Nochaco
Nocona Airport
Nombre de Dios
Norte Los Rodeos Airport, Tenerife
Norton Municipal Airport
Nouna Airport
Nuestra Senora del Socorro
Nueva Gerona
Nueva Gerona, Isla De Pinos
Nueva Guinea Airport
Nueva Loja Airport
Nueva Moca
Nueve de Julio
Nuevo Casas Grandes
Nuevo Laredo International
Nuevo Laredo West
Nulato Airport
Nullabor Motel Airport
Obregon
Ocala Heliport
Ocota de la Sierra
Odeco Cocodrie Heliport
Official Airline Guides Heliport
Ogden Municipal Airport
Ohio Valley Medical Center Heliport
Olla Airport
Olney Municipal Airport
Olsztyn
Oneonta Municipal Airport
Ontario Municipal Airport
Ora Acres Airport
Oran / Es Senia
Oran/Es Senia
Orange Municipal Airport
Orcadas Base (Argentina)
Orcadas-basen (Argentina)
Örebro Airport
Oresac
Orientos
Orlampa Inc Airport
Orlando Regional Medical Center Heliport
Orlando / Sanford Airport
Orocue Airport
Orubica
Osceola Municipal Airport
Otocac
Ouanda Djalle Airport
Our Lady Immaculata Airport
Ozona Municipal Airport
Pablo L. Sidar
Page Municipal Airport
Palacio Municipal Heliport
Palacios Municipal Airport
Palalto Airport
Palaridel
Palenque International Airport
Palestine Municipal Airport
Palisades General Hospital Heliport
Palma de Mallorca Airport
Palma de Mallorca / Son San Juan
Palmar Sur Airport
Palmas del Mar Airstrip
Palmer Municipal Airport
Palmer, Palmer Municipal Airport
Palmyra Municipal Airport
Palo Blanco
Palo Duro Airport
Pampa del Castillo
Pampa Elera
Pamplona Airport
Panacea Airport
Pan de Azucar
Papola Casale Airport
Paracote 2
Paracote Dos
Paradise Airport
Paradise Valley Airport
Paradise Valley Hospital Heliport
Paraguana / Josefa
Paray-le-Monial
París - Charles de Gaulle
Paris Municipal Airport
Parral
Parsabad Airport
Paso Caballos Airport
Paso De Los Libres Aerodrome
Paso Real de Ariporo
Paso Robles Municipal Airport
Patco Heliport
Pauls Valley Municipal Airport
Paynesville Municipal Airport
Paz de Ariporo
PCI Heliport
Peca Blanca
Pecos Municipal Airport
Pedernales Airport
Pedro Bay Airport
Pedro de Valdivia
Pedro Luro
Pegasus Run Airport
Pekín Capital Airport
Pembina Municipal Airport
Pendeco
Pender Municipal Airport
Penderosa Airport
Pendleton Municipal Airport
Peninsula Hospital Center Heliport
Penrose Hospital Heliport
Pentecoste
Penza Airport
Peoria Airport
Perales Airport
Pericos
Perry Memorial Hospital Heliport
Perryville Municipal Airport
Petra Heliport
Petro Heliport
Philadelphia Airport
Philadelphia Municipal Airport
Philos Airport
Picabo Airport
Picayune Airport
Pico Airport
Picos Airport
Picosa Ranch Airport
Pico Truncado
Piedmont Municipal Airport
Piedras Blancas
Pierces Airport
Pierre Municipal Airport
Pierson Municipal Airport
Pigeon Airport
Pimenta Bueno Airport
Pinar Del Rio, Pinar Del Rio
Pinotepa Nacional Airport
Piper Memorial Airport
Piracicaba Airport
Piseco Airport
Piso Airport
Pista de Aterrizaje Chame
Placencia
Placerville Heliport
Placid Heliport
Placid Lakes Airport
Plains Municipal Airport
Planadas
Planetarrica
Planevue Airport
Plasco Field Heliport
Plastun Airport
Platform Hidalgo Heliport
Plato Las Flores
Playa Baracoa Airport
Playa del Carmen Airport
Playa Grande Airport
Pleasanton Municipal Airport
Ploermel-Loyat
Plomo
Pocahontas Municipal Airport
Polacca Airport
Pollock Municipal Airport
Ponta Delgada / Nordela Acores
Pontes E Lacerda
Pontiac Municipal Airport
Pontiac, Pontiac Municipal Airport
Pope Vanoy
Portales Municipal Airport
Portal Municipal Airport
Porto Alegre Canoas Ab Aeropuerto
Porto Nacional Aeroporto
Potrerito
Prague Municipal Airport
Presa
Presa del Azucar
Presa Miguel Hidalgo
Presa Obregon
Presa Rodriguez
Presho Municipal Airport
Presidencia Roque Saenz Pena Aerodrome
Presidente Dutra
Presidente Itamar Franco Airport
Presidente Prudente
Presidente Prudente Airport
Presidio San Carlos
Pres  Roque Saenz
Presto
Prides Airport
Princesa Isabel
Progreso Airport
Providence Medical Center Heliport
Providencia
Providencia Isla / El Embrujo
Providenciales
Provo Municipal Airport
Prudential Heliport
Pruetz Municipal Airport
Pucallpa
Puebla International Airport
Pueblito
Pueblo Bello
Pueblo Esther
Pueblo Memorial Airport
Pueblo Pintado Airport
Pueblo Viejo
Puente de Camotlan
Puertecitos
Puerto Adolfo Lopez Mateos
Puerto Armuelles Airport
Puerto Asis
Puerto Asis - 3 de Mayo
Puerto Ayacucho
Puerto Barrios
Puerto Barrios Airport
Puerto Belgrano Naval Air Base
Puerto Berrio Airport
Puerto Boyaca
Puerto Cabezas
Puerto Cabezas Airport
Puerto Carreno
Puerto Cielo
Puerto de Lobos
Puerto Deseado Aerodrome
Puerto D M de Irala West
Puerto Escondido
Puerto Estrella
Puerto Jimenez Airport
Puerto Juarez
Puerto La Victoria Airport
Puerto Leda Airport
Puerto Libertad
Puerto Limon
Puerto Madryn, CHT
Puerto Magdalena
Puerto Maldonado
Puerto Mosquito Nordeste
Puerto Mosquitos
Puerto Nare Airport
Puerto Obaldia
Puerto Padre
Puerto Palermo 1
Puerto Palermo 2
Puerto Plata Airport
Puerto Presidente Stroessner
Puerto Princesa
Puerto Recife
Puerto Rico
Puerto Rico Airport
Puerto Rondon West
Puerto Santo Tomas
Puerto Seco Airstrip
Puerto Suarez
Puerto Tebario
Puesto Maria Luisa
Pula Airport
Punia Airport
Punta Alegre
Punta Colorada
Punta de Agua
Punta de Garza
Punta del Agua
Punta El Tecuan
Punta Gorda Airport
Punta Gorda Airstrip
Punta Tormento
Pupelde
Qiemo Airport
Quail Mesa Airport
Quanah Municipal Airport
Quebrada Cotoca
Quebrada La Clara
Quebrada Penaoscura
Quebrada Peñaoscura
Quepos Managua Airport
Questa Municipal Airport Nr 2
Quibdo / El Carano
Raco Field
Raeco Heliport
Rafaela Airport
Rambalazon de Reyes
Ramona Airport
Ranchio El Corral de Emmedio
Rancho Barrancas
Rancho Buenavista
Rancho Buena Vista Airport
Rancho Cascajal
Rancho Cerro de Leija
Rancho Cerros Blancos
Rancho Cerros Prietos
Rancho Cocospera
Rancho Corralitos
Rancho de Aereo Airport
Rancho de Cruces
Rancho de la Iglesia
Rancho Del Cielo Airport
Rancho Del Lago Heliport
Rancho Ecantado Airport
Rancho El Abanico
Rancho El Alamito
Rancho El Barril
Rancho El Becerro
Rancho El Bosque
Rancho El Capadero
Rancho El Caracol
Rancho El Carrizal
Rancho El Chilicote
Rancho El Cibolo
Rancho El Compa
Rancho El Consuelo
Rancho El Consuelo North
Rancho El Delirio
Rancho El Espia
Rancho El Fenix
Rancho El Huerigo
Rancho El Jeco
Rancho Ellagarto
Rancho El Molcajete
Rancho El Oso
Rancho El Porvenir
Rancho El Pozo De Obregon
Rancho El Remolino
Rancho El Represito
Rancho El Retiro
Rancho El Riito
Rancho El Rodeo
Rancho El Rodeo New
Rancho El Sahaural
Rancho El Saucito
Rancho El Socorro
Rancho El Tecolote
Rancho El Treinta
Rancho El Tule
Rancho El Vado
Rancho Encino Solo
Rancho Hacienda El Fortin
Rancho Hacienda La Nesta
Rancho La Boquilla
Rancho La Esperanza
Rancho La Jaralito
Rancho La Mextena
Rancho La Mocha
Rancho La Pasion
Rancho La Pena
Rancho La Piramide
Rancho La Salada
Rancho Las Carreras
Rancho Las Esperanzas
Rancho La Soledad
Rancho Las Palmas
Rancho La Vieja Mires
Rancho Llano Blanco
Rancho Llano Colorado
Rancho Los Alisos
Rancho Los Anenos
Rancho Los Buras
Rancho Los Chacuales
Rancho Los Chacuales East
Rancho Los Hechizos
Rancho Los Junos
Rancho Los Lamentos West
Rancho Los Moscos
Rancho Los Nogales
Rancho Los Ojos
Rancho Maria del Carmen
Rancho Maria del Carmen One
Rancho Nopalera de Cepeda
Rancho Palos Altos
Rancho Pico Etereo
Rancho Pico Etereo Dos
Rancho Poso de Villa
Rancho Roca Roja Airport
Rancho Salto de Ojo
Rancho San Antonio De Zaragoza
Rancho San Francisco
Rancho San Joaquin
Rancho San Jose de Mahoma
Rancho Santa Clara
Rancho Santa Fe
Rancho Santa Rosa
Rancho Santa Teresa
Ranchos de los Caballeros Airport
Rancho Sierra del Medio
Rancho Soledad Las Palmas
Rancho Tierra Rica
Rancho Valladolid
Rancho Vallecito Airport
Rancho Verde Airport
Rancocas Hospital Heliport
Rapides General Hospital Heliport
RCA-Lancaster Heliport
Real Campina
Reales Tamarindos Airport
Recife Aeroporto
Reco Field
Reconquista, SF
Red Cloud Municipal Airport
Redman Residence Heliport
Regencia
Regional Orlando Villas Boas Airport
Remer Municipal Airport
Rena-Vera Airport
Reno Airport
Renton Municipal Airport
Requera
Resaca Airstrip
Resistencia Aero.
Reyes Murillo Airport
Rhodes Airport
Ricardo Flores Magon
Rice Lake Municipal Airport
Rico Heliport
Rigrtona Airport
Rincon De Los Sauces Airport
Rincon de Mercedes
Rio Blanco Heliport
Rio Del Fuente
Rio Gallegos Aerodrome
Rio Mayo Airport
Rio Mecayo
Rio Medina Airport
Rio Viejo de Las Rodriquez
Riverside Medical Center Heliport
Riverside Municipal Airport
Riviera Airport
Robco Airport
Roblecito
Rodelillo Airport
Rodeo Airport
Rodez-Marcillac
Rodez-Marcillac Airport
Rodrigues
Rodriguez
Rogers Municipal Airport
Rogue Valley Memorial Hospital Heliport
Roros Airport
Røros Airport
Rosalia Municipal Airport
Rosario Seaplane Base
Rosario Sonora
Rosedale Airport
Roseland Rescue Squad Heliport
Rose Medical Center Heliport
Rosita Airport
Rouen Airport
Roy Municipal Airport
Ruacana Airport
Ruidoso Heliport
Ruidoso Municipal Airport
Rurrenabaque
Ryder Municipal Airfield
Sabana de Mar Airport
Sabana Nueva
Saguache Municipal Airport
Sagua la Grande
Saguaro Airport
Sagulla Airport
Sainte-Foy-la-Grande
Saint Francis Medical Center Heliport
Saint Francis Municipal Airport
Saint Josephs Regional Medical Center Heliport
Saint Lucie Medical Center Heliport
Saint Lukes Episcopal Hospital Heliport
Saint Lukes Memorial Hospital Heliport
Saint Maries Municipal Airport
Saint Ritas Medical Center Heliport
Salado Airport
Salamanca Airport
Salida Airport
Salida Hospital Heliport
Salina Municipal Airport
Salinas Municipal Airport
Salome Airport
Salon-Eyguieres
Salvador Aeroporto
Sampson Memorial Hospital Airport
Sampues
Samuel L. Clemens Memorial Airport
San Andres Isla / Sesquicentenario
San Antonio East
San Antonio Oeste Aerodrome
San bay quoc te Denver
San bay quoc te Larnaca
San bay quoc te Los Angeles
San bay quoc te Miami
San bay quoc te Narita
San bay quoc te Nauru
San bay quoc te Orlando
San bay quoc te Quad City
San bay quoc te San Francisco
San bay quoc te Villa Gesell - Pinamar
San Benito Municipal Airport
San Clemente del Tuyu
San Cristóbal Airport
San Cristobal De Las Casas Airport
Sanden Airport
San Diego Police Headquarters Heliport
San Fernando Airport
San Francisco Airport
San Franciscos de Borja
San Ignacio
San Ignacio Airport
San Ignacio De Moxos
San Ignacio de Velasco
San Ignacio De Velasco
San Ignacio West
San Isidro Air Base
San Jacinto
San Jacinto de Achi
San Joaquin Airport
San Joaquin General Hospital Heliport
San Jose de Bavicora
San Jose de Buena Vista
San Jose de Chaparral
San Jose De Chiquitos
San Jose de Guaviare
San Jose Del Cabo
San Jose de Leones
San Jose del Guaviare
San Jose de Raices
San Juan de La Maguana
San Juan de los Cayos
San Juan de los Charcos
San Juan de los Morros
San Juan De Los Morros
San Juan de Marcona
San Juan Hospital Heliport
San Juan Nepomuceno
San Leonardo
San Lucas
San Luis de Gaceno
San Manuel Airport
San Marcos
San Marcos Municipal Airport
San Miguel del Monte
San Miguel Ranch Airport
San Nicolas Airport
San Nicolas De Bari Airport
San Pablo/Bolivar
San Pedrillo
San Pedro 1
San Pedro Airport
San Pedro de Jagua
San Pedro de la Cueva
San Pedro de Las Colonias
San Pedro Del Parana
San Pedro Peninsula Hospital Heliport
San Pedro Tabasco
San Rafael Aerodrome
San Rafael Airport
San Salvador
San Salvador Airport
San Salvador de Paul Airport
San Sebastián Airport
Santa Amelia Nordeste
Santa Ana de Bavicora
Santa Barbara de Barinas Airport
Santa Barbara Municipal Airport
Santa Cruz del Sur
Santa Cruz / El Trompillo
Santa Elena De Uairen
Santa Fe Municipal Airport
Santa Fe Numero Dos
Santa Izabel do Morro Airport
Santa Josefina
Santa Lucia
Santa Lucia North
Santa Maria Acores
Santa Maria de Cuevas
Santa Marta Airport
Santa Monica Municipal Airport
Santa Rosa Airfield
Santa Rosa Airport
Santa Rosa del Sara
Santa Rosa del Sara North
Santa Rosa del Sara West
Santa Rosa Medical Center Heliport
Santa Rosa Memorial Hospital Heliport
Santa's Airport
Santa Ynez Airport
Santiago de Compostela Airport
Santiago De Cuba, Oriente
Santiago Del Estero Aero.
Santiago Vila Airport
Santo Domingo/De Las Americas
Santorini Thira Airport
Santos Aeroporto
Santos Dumont Airport
Santos Lopez
San Vicente
San Vicente Del Caguan Este
San Vicente Del Caguan Sudeste
San Vito De Java Airport
Sao Gabriel Da Cachoeira
Saqqaq Heliport
Sara Airport
Sargent Municipal Airport
Sarita Airport
Sarmiento
Sartor Heliport
Sauerman Heliport
Sauk Centre Municipal Airport
Sayre Municipal Airport
Scardos Heliport
SCE El Toro Heliport
SCE Salton Sea Heliport
SCE San Joaquin Heliport
Seaside Municipal Airport
Sebastian Municipal Airport
Secunda Airport
Sedalia Memorial Airport
Sedona Airport
Seguela Airport
Seldovia Airport
Seldovia, Seldovia Airport
Senado
Seneca Airport
Seneca Falls Municipal Airport
Seneca Municipal Airport
Sentara Hampton General Hospital Heliport
Sequim Valley Airport
Serondela Airstrip
Seronera Airport
Seton Medical Center H-4 Heliport
Sevilla / San Pablo
Sfax El-Maou
Sibley Municipal Airport
Sierra Blanca Heliport
Sierra Grande Airport
Sierra Hermosa Ranch
Sikeston Memorial Municipal Airport
Silverton Municipal Airport
Simplicio Mendes
Sincelejo
Sioux Center Municipal Airport
Sky Manor Aero Estates Airport
Skyqueen Airport
Slayton Municipal Airport
Sleepy Eye Municipal Airport
Smies Airport
Smyrna Hospital Heliport
Snider Airport
Sobral
Socorro Municipal Airport
Socotra
Sodeca
Sol de Mayo
Songlo Vista Airport
Sonoma Valley Airport
Sonora Municipal Airport
Sorocaba Airport
Soyo Airport
Spencer Municipal Airport
Spencer Municipal Hospital Heliport
Squibb Heliport
Squirrel Cove Airport
Squirrel Hill Heliport
Stampede Airport
Staples Municipal Airport
St Elmo Airport
St James Municipal Airport
Storey Real Estate Airport
Suburban General Hospital Heliport
Sucua Airport
Sugpo Airfield
Sulaco Airport
Sulphur Municipal Airport
Sunnyside Municipal Airport
Sun Valley Estates Airport
Superior Airport
Superturf Heliport
Susanville Municipal Airport
Tablon de Tamare
Tablón de Tamare
Tacuane
Tahlequah Municipal Airport
Talihina Municipal Airport
Talladega Municipal Airport
Talpa de Allende
Tamana Airfield
Tampa General Hospital Heliport
Tancos Mil.
Tanis Mesa Airport
Tanque Magueyal
Taos Municipal Airport
Tara Airport
Tarapaca Airport
Tarcoola Airport
Tarempa Airport
Tartagal Aerodrome
Taunton Municipal Airport
Taylor Municipal Airport
Taylorville Municipal Airport
Teague Municipal Airport
Teco Plaza Heliport
Tegucigalpa
Tehachapi Municipal Airport
Tela Airport
Telluride Heliport
Tenco Tractor Airport
Tenente Valadim
Teopa Careyes
Tepoe
Terrell Municipal Airport
Texaco-San Ardo Heliport
The Coca-Cola Company
Thomas E Perdue Heliport
Ticonderoga Municipal Airport
Tierra de Dios Airport
Tierra Linda Ranch Airport
Tioga Municipal Airport
Tipton Municipal Airport
Tobias Bolanos International
Tocumen Internacional
Toledo Hospital Heliport
Toledo Municipal Airport
Toluca / Jose Maria
Tombstone Municipal Airport
Tooele Municipal Airport
Topton Air Estates Airport
Torrejon de Ardoz Air Base
Torreon Municipal
Torrey Pines Gliderport
Trabue Airport
Traer Municipal Airport
Tranquila Airport
Transamerica Center Heliport
Transco Delcambre Heliport
Trece de Diciembre
Trego Airport
Tres Arroyos
Tres Marias
Trico Heliport
Trinca Airport
Trio Estates Airport
Trona Airport
Troy Municipal Airport
True Heliport
Truth or Consequences Municipal Airport
TSA Gliderport
Tte. Julio Gallardo Airport
Tularosa Airport
Tulcan / El Rosal
Tunica Airport
Tunoshna Airport
Tunta Airport
Tuscaloosa Municipal Airport
Tuscola Airport
Tyco Pad Heliport
Tyler Municipal Airport
UCI Medical Center Heliport
Udon
Ukiah Municipal Airport
Ulacia
Ulusaba Airport
Uncualo
Undara Airport
Union Carbide Corp Heliport
Union de Reyes
Union Eva Heliport
Union Municipal Airport
Uno de Marzo
Upala Airport
Upton Municipal Airport
USCG Heliport
Utica Municipal Airport
Utila Airport
Vaca Valley Hospital Heliport
Vac Heliport
Vaeroy Heliport
Val Air Airport
Valbuena
Valcartier Airport
Valdez Airport
Val-d'Or Airport
Valdosta Regional Airport
Valenca Airport
Valencia Airport
Valesdir Airport
Valier Airport
Valladolid Airport
Valle de Banderas
Valle de la Pascua
Valley Hospital Medical Center Heliport
Valley Vista Airport
Vamc Heliport
Va Medical Center Heliport
VA Medical Center Heliport
Vanceboro Heliport
Vandalia Municipal Airport
Van de Plasch Airport
Vanguardia
Varadero, Matanzas
Vargas Caso
Varisco Airport
Varna Airport
Vazquez
Velco Heliport
Venecia
Venecia de Guanapalo
Venice Municipal Airport
Ventosa Plantation Airport
Veracruz / Las Bajadas / General Heriberto Jara
Vero Beach Municipal Airport
Verona-Villafranca Airport
Veterans Medical Center Heliport
Vicam
Victoria Airport
Victoria de Las Tunas
Victoria Regional Airport
Vidalia, Vidalia Municipal Airport
Viena
Vienna Correctional Center Heliport
Vila Macahdo
Vilanculos
Vila Real
Vila Rica Airport
Villa Constitucio
Villacoublay-Velizy
Villa de Rosario
Villa Dolores Aerodrome
Villa Garzon Airport
Villamor Air Base
Vilonia Airport
Vina del mar Airport
Visalia Municipal Airport
Vlachos Acres Airport
Waca Airport
Wadena Municipal Airport
Waldron Municipal Airport
Walhalla Municipal Airport
Wallace Municipal Airport
Walterboro Municipal Airport
Wamego Municipal Airport
Waseca Municipal Airport
Wauchula Municipal Airport
Waupaca Municipal Airport
Wayne Municipal Airport
Waynesboro Municipal Airport
Webequie Airport
Wells Fargo-El Monte Heliport
West Calcasieu Cameron Hospital Heliport
Willmar Municipal Airport
Wiluna Airport
WJRZ Radio Heliport
WLKY-TV Studios Heliport
Wray Municipal Airport
Wyndmere Municipal Airport
Wynne Municipal Airport
Yaguara Airport
Yariguies Airport
Yariguíes Airport
Yola Airport
Yopal Este
Yuba Airport
Yucca Valley Airport
Yuendumu Airport
Zabre Airport
Zaragoza / Aeropuerto
Zaria Airport
Zelienople Municipal Airport
Zero Airport
Zim Valencia
