AFGANISTÁN
AFGANISTAN
ALBANIA
ALEMANIA
ANDORRA
ANGOLA
ANGUILA
ANTIGUA Y BARBUDA
ANTÁRTIDA
ANTARTIDA
ARABIA SAUDÍ
ARABIA SAUDI
ARGELIA
ARGENTINA
ARMENIA
ARUBA
AUSTRALIA
AUSTRIA
AZERBAIYÁN
AZERBAIYAN
BAHAMAS
BAHRÉIN
BAHREIN
BANGLADESH
BARBADOS
BELICE
BENÍN
BENIN
BERMUDAS
BIELORRUSIA
BOLIVIA
BONAIRE
BOSNIA Y HERZEGOVINA
BOTSUANA
BRASIL
BRUNÉI
BRUNEI
BULGARIA
BURKINA FASO
BURUNDI
BUTÁN
BUTAN
BÉLGICA
BELGICA
CABO VERDE
CAMBOYA
CAMERÚN
CAMERUN
CANADÁ
CANADA
CHAD
CHEQUIA
CHILE
CHINA
CHIPRE
CIUDAD DEL VATICANO
COLOMBIA
COMORAS
CONGO [REPÚBLICA]
CONGO [REPUBLICA]
COREA DEL NORTE
COREA DEL SUR
COSTA RICA
COSTA DE MARFIL
CROACIA
CUBA
CURAZAO
DINAMARCA
DOMINICA
ECUADOR
EGIPTO
EL SALVADOR
EMIRATOS ÁRABES UNIDOS
EMIRATOS ARABES UNIDOS
ERITREA
ESLOVAQUIA
ESLOVENIA
ESPAÑA
ESPANA
ESTADOS UNIDOS
ESTONIA
ETIOPÍA
ETIOPIA
FILIPINAS
FINLANDIA
FIYI
FRANCIA
GABÓN
GABON
GAMBIA
GEORGIA
GHANA
GIBRALTAR
GRANADA
GRECIA
GROENLANDIA
GUADALUPE
GUAM
GUATEMALA
GUAYANA FRANCESA
GUERNSEY
GUINEA
GUINEA ECUATORIAL
GUINEA-BISSÁU
GUINEA-BISSAU
GUYANA
HAITÍ
HAITI
HOLANDA
HONDURAS
HONG KONG
HUNGRÍA
HUNGRIA
INDIA
INDONESIA
IRAK
IRLANDA
IRÁN
IRAN
ISLA BOUVET
ISLA CHRISTMAS
ISLA NIUE
ISLA NORFOLK
ISLA DE MAN
ISLANDIA
ISLAS CAIMÁN
ISLAS CAIMAN
ISLAS COCOS
ISLAS COOK
ISLAS FEROE
ISLAS GEORGIA DEL SUR Y SANDWICH DEL SUR
ISLAS HEARD Y MCDONALD
ISLAS MALVINAS
ISLAS MARIANAS DEL NORTE
ISLAS MARSHALL
ISLAS PITCAIRN
ISLAS SALOMÓN
ISLAS SALOMON
ISLAS TURCAS Y CAICOS
ISLAS VÍRGENES
ISLAS VIRGENES
ISLAS VÍRGENES DE LOS ESTADOS UNIDOS
ISLAS VIRGENES DE LOS ESTADOS UNIDOS
ISLAS DE ÅLAND
ISLAS DE ALAND
ISLAS MENORES ALEJADAS DE LOS ESTADOS UNIDOS
ISRAEL
ITALIA
JAMAICA
JAPÓN
JAPON
JERSEY
JORDANIA
KAZAJSTÁN
KAZAJSTAN
KENIA
KIRGUISTÁN
KIRGUISTAN
KIRIBATI
KOSOVO
KUWAIT
LAOS
LESOTHO
LETONIA
LIBERIA
LIBIA
LIECHTENSTEIN
LITUANIA
LUXEMBURGO
LÍBANO
LIBANO
MACAO
MACEDONIA
MADAGASCAR
MALASIA
MALAUI
MALDIVAS
MALI
MALTA
MARRUECOS
MARTINICA
MAURICIO
MAURITANIA
MAYOTTE
MICRONESIA
MOLDAVIA
MONGOLIA
MONTENEGRO
MONTSERRAT
MOZAMBIQUE
MYANMAR [BIRMANIA]
MÉXICO
MEXICO
MÓNACO
MONACO
NAMIBIA
NAURU
NEPAL
NICARAGUA
NIGERIA
NORUEGA
NUEVA CALEDONIA
NUEVA ZELANDA
NÍGER
NIGER
OMÁN
OMAN
PAKISTÁN
PAKISTAN
PALAU
PANAMÁ
PANAMA
PAPÚA-NUEVA GUINEA
PAPUA-NUEVA GUINEA
PARAGUAY
PERÚ
PERU
POLINESIA FRANCESA
POLONIA
PORTUGAL
PUERTO RICO
QATAR
REINO UNIDO
REPÚBLICA CENTROAFRICANA
REPUBLICA CENTROAFRICANA
REPÚBLICA DOMINICANA
REPUBLICA DOMINICANA
REUNIÓN
REUNION
RUANDA
RUMANÍA
RUMANIA
RUSIA
SAMOA
SAMOA AMERICANA
SAN BARTOLOMÉ
SAN BARTOLOME
SAN CRISTÓBAL Y NIEVES
SAN CRISTOBAL Y NIEVES
SAN MARINO
SAN MARTÍN
SAN MARTIN
SAN MARTÍN
SAN MARTIN
SAN PEDRO Y MIQUELÓN
SAN PEDRO Y MIQUELON
SAN VICENTE Y LAS GRANADINAS
SANTA ELENA
SANTA LUCÍA
SANTA LUCIA
SANTO TOMÉ Y PRÍNCIPE
SANTO TOME Y PRINCIPE
SENEGAL
SERBIA
SEYCHELLES
SIERRA LEONA
SINGAPUR
SIRIA
SOMALIA
SRI LANKA
SUAZILANDIA
SUDÁFRICA
SUDAFRICA
SUDÁN
SUDAN
SUDÁN DEL SUR
SUDAN DEL SUR
SUECIA
SUIZA
SURINAM
SVALBARD Y JAN MAYEN
SÁHARA OCCIDENTAL
SAHARA OCCIDENTAL
TAILANDIA
TAIWÁN
TAIWAN
TANZANIA
TAYIKISTÁN
TAYIKISTAN
TERRITORIO BRITÁNICO DEL OCÉANO ÍNDICO
TERRITORIO BRITANICO DEL OCEANO INDICO
TERRITORIOS AUSTRALES FRANCESES
TERRITORIOS PALESTINOS
TIMOR ORIENTAL
TOGO
TOKELAU
TONGA
TRINIDAD Y TOBAGO
TURKMENISTÁN
TURKMENISTAN
TURQUÍA
TURQUIA
TUVALU
TÚNEZ
TUNEZ
UCRANIA
UGANDA
URUGUAY
UZBEKISTÁN
UZBEKISTAN
VANUATU
VENEZUELA
VIETNAM
WALLIS Y FUTUNA
YEMEN
YIBUTI
ZAIRE
ZAMBIA
ZIMBAWE
