マドリード・アリーナ
7. industrialdea (Gaintxurizketa)
Abendano
Abendaño
Acorralados
Aezkoa
Aiguees Juntes
Allegi
Altamira
Ama Kandida
Anardi
Andalucia
Andalucía
Andalusia
Andalusie
Andalusien
Anibarko Portua
Anoetako industrialdea
Antoniutti
Aqualandia
Aqua Natura
Aqua Park
Aquarium Barcelona
Arabako Errioxa
Aragon
Aragón
Aramayona Valley
Aranguren
Area verde
Artxipi
Artzibar
aryna mdryd
Asteasuain
Asturias
Asturies
Atrera
Auditorio Pilar Garcia Pena
Baetica
Bajo Segura
Baldorba
Baldorbesa
Ballermann 6
Balneario de l'Avella
Bardenas Reales
Barrio de Alfonso XIII
Barrio Gotico de Barcelona
Basabe
Basarte
Base Militar de Rabasa
Base Naval de Rota
Basque Provinces
Bazterretxe
Bentaldea
Bentzuntzibar
Beotibar
Berlin Park
Bezunzibar
Bidebitarte
Boca de la Hoz
Boi-Tauell
Brunet
Bucuesa
Buenavista
Bulandegi
Cabarceno Natural Park
Cabeza Pelada
Cabrales
Cachiporro
Camero Viejo
Camping Armanello
Campo de Alicante
Campo de Calatrava
Campo de Gibraltar
Campo del Moro
Campo de San Francisco
Campo Grande
Campoo
Canada de Bayona
Canada de la Pedriza
Canada de los Peces
Canada de los Serranos
Canadahonda
Canada Honda
Cantabro Asturica
Cantera
Carballeira de Menancaro en Ferrolterra
Carreiron
Cartagine Harbour
Casa de Campo
Castile
Castilla
Castilla la Nueva
Castilla la Vieja
Castilla Nueva
Castilla Vieja
Castro de barona
Ceja
Centro Historico Tarragona
Cerro de la Ventosa
Cerro de los Alamos
Cerro Llano
Cerros de Sisenando
Clot de Galvany
Club Tejar de Somontes
Conca de Barbera
Corona de Santa Lucia
Corral Viejo
Cortelana
Cortijo del Copero
Costa Blanca
Costa Brava
Costa Calida
Costa Daurada
Costa de Almeria
Costa de Cantabria
Costa de Franceses
Costa de Granada
Costa de la Luz
costa del azahar
Costa del Azahar
Costa de Levante
Costa del Garraf
Costa de Llevant
Costa del Rubicon
Costa del Sol
Costa de Miranda
Costa de Triana
Costa de Valencia
Costa Dorada
Costa Granadina
Costa Maresme
Costa Tropical
Costa Vasca
Costa Verde
Coto de Dona Ana
Coto de Donana
Coto de Doña Ana
Coto Donana
Coto Doñana
Cuenca Alta del Manzanares
Cuenca del Ebro
Cuidad de las Artes y de las Ciencias
Dehesa de Casasola
Dehesa de Enmedio
Dehesa de Fuenlabrada
Dehesa de la Cepeda
Dehesa de la Encomienda de Alcahozo
Dehesa del Hoyo
Dehesa de Malpesa
Dehesa de Navarrete
Dehesa de Osilla del Palmero
Dehesa de Romerales
Dehesa de Tamujoso
Dehesa de Valdelinfierno
Dehesa El Campo
Depositos de C.H.L.
Donana National Park
Dunas de Corrubedo y lagunas de Carregal y Vixan
Eciago
Ecíago
El Aljarafe
El Ardal
Elbarrena
El Bayon
El Bierzo
El Blanquizar
El Cabezuelo
El Calvo
El Canizar
El Canizo
El Capricho Park
El Carneril
El Carrascal
El Cerrazo
El Cerro
El Chaparralejo
El Charco
Elche Parque Industrial
El Collado
El Comunal
El Copero
El Despenadero
El Ducado
El Encinalejo
El Escornaero
El Fronton
El Goro
El Gramadal
El Gusano
El Hornillo
El Hoyo
El Infierno
El Losar
El Macuquero
El Madrono
El Maestrazgo
El Marquesejo
El Ochavillo
El Parralon
El Pas
El Pasaje
El Pendoncillo
El Pinar
El Portichuelo
El Prado
El Priorat
El Puntal
El Purgatorio
El Quejigo
El Quintillo
El Rayo
El Rebasal
El Renegado
El Retiro
El Rincon Rojo
El Romeral
El Romo
El Rubielo
El Salar
El Tobar
El Tornajuelo
El Vado
El Verdinal
El Villar
El Yeso
Enirio Aralar
Enseada de Bouzas
Epele
Errioxa
Erronkari
Errota
Estacio del Nord
Estacion Aramon Javalambre
Estacion Aramon Valdelinares
Estepa de Guadix
Estremadura
Etxeberri
Euskal kostaldea
Exhibit and Conference Center
Extremadura
Eziago
Fageda d'en Jorda
fair Las Palmas de Gran Canaria
fair Palma
fair Santa Cruz de Tenerife
Faunia
Feria de Abril
Finca Torre Arias
Fuentelobo
Fun Fair
Gaintxurizketa
Galicia
Gallara
Gallegi
Gandara de Budino
Garajonay National Park
Garrotxa Volcanic Zone Natural Park
Golf P & P Sierra Cortina Finestrat
Gorbeiako Parke Naturala
Gorbeia Nature Reserve
Hafen Barcelona
Hafen de la Luz
Haizpea
Hatillo
Hazanejos
Herrada del Quincallero
Hidropark
Hiribarren
Hoces del rio Duraton
Hoces de Rio Riaza
Hondo del Campo
Hoya de la Balsica
Hoya de la Horza
Hoya de Matamachos
Hoya Retuerta
Hozanejos
Huerta de Don Isaias
Huerta del Majano
Huerta del Rincon
Huerta de Santa Elena
Huerta de Valencia
Ibabe
Ibaitarte
Ibarburu
Ibarluze
Igarategi
Inausti
Iñausti
Ipintza
Irurain
Isla Magica
Itsasaga
Itziar
Iurrin
Jardin Botanico
Jardines de la Buhaira
Jardines de las Delicias
Jardines de Murillo
Juan Carlos I Park
Juanete
Karrantza Harana
La Abundancia
La Atalaya
La Barga
La Barquera
La Berzosa
La Biurdana
La Buitrera
La Cabra
La Calavera
La Caleruela
La Camarilla
La Canada
La Cepeda
La Ciudadela
la Ciutadella
La Costumbre
La Cumbre
La Dehesa
La Dehesa Cortelana
La Ensancha
La Esparraguera
La Gama
La Garrotxa
La Herra
La Horcada
La Hoya
La Huesa del Judio
La Jara
La Losilla
La Luz
La Majadilla
La Marina
La Media Legua
La Mojonera
La Montana de Covadonga or de Pena Santa National Park
La Montaña de Covadonga or de Peña Santa National Park
La Moraleja
La Mulata
La Murciana
La Nava
Lanbarren
La Noguera
La Obrera
La Pedrera
La Pena
La Pena del Rey
La Poza
La Rioja
La Risca
La Rocha
Larramendi
Las Aliaguillas
Las Amezcuas
Las Beatas
Las Berlanas
Las Cabezas
Las Carboneras
Las Cinco Calles
Las Conchas
La Serena
La Serretilla
Las Escomas
Las Fuentezuelas
Las Gargaligas
Las Herradas
Las Hoyas
Laskorain Goikoa
Las Lomas
La Solana
Las Pajarillas
Las Pedreras
Las Perrazas
Las Pinadas
Las Planas
Las Rejas Benidorm
Las Rinconadillas
Lastaola
Las Villas
Las Villuercas
La Toba
La Umbria
La Uriola
La Vaguada
La Vega
La Vegana
La Virgen Vieja
La Yuntilla
Le Levant
Leon
León
Lerun
Les Parellades
Les Perellades
Levant
Linarejos
Lintzirin
Llanos del Tornajuelo
Llanos de Orce
Lleun
Lleún
Lobo
Loma de Enmedio
Loma de la Carbonera
Loma del Calvario
Loma del Mohedano
Loma de los Morrones
Loma Larga
Lomas de Esquinzo
Lomas de la Rambla
Lomas de Santiago
Los Almadenes
Los Ballesteros
Los Barreros
Los Brazales
Los Brezales
Los Cameros
Los Colmenares
Los Enebralejos
Los Guijarrales
Los Hospitales
Los Hundidos
Los Majadales
Los Majuelos
Los Monegros
Los Morrones
Los Olivares
Los Pedernales
Los Poyales
Los Puntales
Los Quemados
Los Quinones
Los Rubiales
Los Villares
Madrid Arena
Madrid Country Club
Madridska arena
Maimona
Makarraztegi
Mallutz
Malvarrosa Beach
Manroman
Marineland Catalunya
Marquesado de Cenet
Marquesado de Zenete
Masegosillo
Masegoso
Masia de la Maimona
Mataborrachas
Matanza
Matarrosa
Matas Verdes
Media Legua
Mega-Park
Meseta de Guadix
Messe Las Palmas de Gran Canaria
Messe Palma de Mallorca
Messe Santa Cruz de Tenerife
Mina
Miradoiro dos Torgas
Miravet
Mojon Blanco
Moli l'Ombria
Monasterio de Piedra
Monegrillo
Monte de las Mozas
Monte Malanda
Monte Viejo
Morrones
Mugitegi
Mundomar
Murcia
Musakola Epelde
Musakolako industrialdea
Nacimiento Rio Duraton
Navajunde
Navaltocon
Navarra
Navarre
New Castile
Nuevo
Okobio
Old Castile
Oleta
Orbegozo
Os Torgas
Os Torgás
Pallars Jussa
Pallars Sobira
Pallars Sobirá
Parc de la Ciutadella
Parc del Montseny
Parc de Mar
Parc Gueell
Parc Natural del Montseny
Park of Nation
Parko Kampardomo
Parqeu Lo Torrent
Parque Amate
Parque Ansuina
Parque Covaresa
Parque de Elche
Parque de Isabel la Catolica
Parque de la Bolera
Parque del Alamillo
Parque de la naturaleza de Cabarceno
Parque de Leganes
Parque del Oeste
Parque de los estados
Parque de los Principes
Parque de Los Rosales
Parque del Retiro
Parque de Manzanedo
Parque de Maria Luisa
Parque de Rehablitacion
Parque de Santa Catalina
Parque de San Telmo
Parque Doramas
Parque "El Recorral"
parque Escandinavia
Parque Escultorico de Candas
Parque General Gutierrez
Parque Genoves
Parque Jume I
Parque Liana
Parque Lo Morant
Parque Lo Torrent
Parque Nacional Coto de Donana
Parque Nacional Coto de Doñana
Parque Nacional de Aigues Tortes
Parque Nacional de Aigües Tortes
Parque Nacional de Aigues Tortes-Sant Maurici
Parque Nacional de Aigües Tortes-Sant Maurici
Parque Nacional de Covadonga
Parque Nacional de Donana
Parque nacional de Garajonay
Parque Nacional de la Caldera de Taburiente
Parque Nacional de Las Tablas de Daimiel
Parque Nacional del Teide
Parque Nacional de Monfraguee
Parque Nacional de Ordesa
Parque Nacional de Ordesa y Monte Perdido
Parque Nacional de Timanfaya
Parque National de la Montana de Covadonga
Parque National de la Montaña de Covadonga
Parque Natural Collados del Ason
Parque Natural de Corrubedo
Parque Natural de Gorbeia
Parque Natural de las Marismas de Santona, Victoria y Joyel
Parque Natural de las Sierras de Tejeda, Almijara y Alhama
Parque Natural de Las Ubinas - La Mesa
Parque Natural del Cabo de Gata
Parque Natural del Delta del Ebro
Parque Natural de Monfraguee
Parque Natural de Ubasa y Andia
Parque Regional de Calblanque
Parque sant salvador
Parque Tecnologico de Boecillo
Partzuergo Txikia
Parzoneria Mayor
Parzonería Mayor
Parzoneria Menor
Parzonería Menor
Penalobosa
Penas Blancas
Pinar de la Cruz
Pinar de la Vega
Pinyana
piscina municipal St.Vicenc de Montalt
Placa de les Glories Catalanes
Placa Major
Pla del Pebret
Planta Potabilizadora
Plataforma de Gredos
Plaza
Plaza Catalunya
Plaza de San Antonio
Plaza Malecon del Soto
Poio San Salvador
Poligono Induistrial "La Bernada"
Poligono industrial 7 (Gaintxurizketa)
Polígono industrial 7 (Gaintxurizketa)
Poligono industrial de Anoeta
Polígono industrial de Anoeta
Poligono Industrial de Babel
Poligono industrial de Musakola
Polígono industrial de Musakola
Poligono Industrial de Rabasa
Poligono Industrial El Canastell
Poligono Industrial Las Atalayas
Poligono Industrial Llano del Espartal
Poligono Industrial Pla de la Vallonga
PortAventura
Port Aventura
port de la Luz
Portinatx
Porto de Cesantes
Port Saplaya
Pou Panes
Pozo Seco
Prados Morenos
Priorato (vino)
Provincias Vascongadas
Puerto de Benidorm
Puerto de Cartagena
Puerto de Garraf
Puerto de Gijon
Puerto de la Luz
Puerto Deportivo Radazul
Puerto de San Pedro del Pinatar
Puerto de Santurtzi
Puerto de Vallcarca
Puerto Pesquero de Santurce
Puerto Pesquero de Santurtzi
Puntal del Carnero
Quinta de los Molinos
Raso Cachiporro
Real de Faula Club de Golf
Rebasal
Recinto Festero
Red de cuevas del Alto Ason. Cueva de Covalanas
Region Cantabrica
Región Cantábrica
Region de Levante
Región de Levante
Region Levantina
Región Levantina
Region Septentrional
Región Septentrional
Restos Megaliticos del Monte Areo
Rias Altas
Rías Altas
Rias Baixas
Rias Bajas
Rías Bajas
Ribagorca
Ribagorça
Ribagorza
Ribargorza
Ribeira Sacra
Ribera Alta
Ribera Baixa
Ribera Baja
Ribera del Jucar
Ribera del Júcar
Ribera del Xuquer
Ribera del Xúquer
Rincon del Cura
Rincon del Santo Cristo
Rioja
Rioja Alavesa
Rioja Baja
Roncal River
Roxos
Sabatini Gardens
Sabinar de la Veredilla
Sagasti
Salbatore
Salinas de Fuente de Piedra
San Adrian de Cobres
San Roman (Santa Maria de Cayon)
Santurtziko portua
Sarralbo
Segura
Sendalamula
Serrablo
Sevillano
Siam Park (Tenerife)
Sierra de Gibralgalia
Sierra de Grazalema Natural Park
Sioux City
Solsones
Soroxarta
Submeseta del Norte
Submeseta del Sur
Submeseta Inferior
Submeseta Norte
Submeseta Superior
Submeseta Sur
Susin
Talaia
Tejoneras
Telefonica Arena Madrid
Telefónica Arena Madrid
Terra Mitica
Terras Novas
The Castiles
tian yuan zhi jia
Tierra de Cameros
Tierra de Campos
Toril
Torremocha
Torres
Triton Asociacion Cultural - Parque Aventura
Txindoki
Ugarana
Umbrion
Uparan
Urasandi
Urtaki
Urzelaieta
Val d' Aran
Val d’ Arán
Valencia
Vall d'Aran
Vall d’Aran
Vall de Marfa
Valle de Aezcoa
Valle de Amescoa Baja
Valle de Aramayona
Valle de Aran
Valle de Arán
Valle de Arce
Valle de Carranza
Valle de Ceta
Valle de la Cruz
Valle del Ebro
Valle del Roncal
Valle de Orba
Valle de Roncal
Valle de Sarrablo
Valle de Seta
Valle de Travadell
Vallehermoso
Valle-Hondo
Vallejo de la Simarra
Vallejo de los Muertos
Vallejo Hondo
Valles de Cerrato
Vega Baja del Segura
Vega de Granada
Venda Balafi
Veta de la Oveja
Viveros Evaristo
Vuelta del Castillo
Warner Bros Park/MovieWorld
Yamaguchi
Zaisa
Zapatero
Zona verde
Zuatzu
Zubitxiki
أرينا مدريد
Мадрид Арена
Мадридска арена
კასა დე კამპო
田园之家
