297 Valencia Interchange
9 de Julio Avenue
Ābdarra Road
Adela Road
Ano Nuevo Trail
Arcola Ferry (historical)
Aurora Ferry
Autopista Caracas-Valencia
Autopista Rosario - Cordoba
Autopista Valencia Puerto Cabello
Avenida 18 de Julio
Avenida Apatlaco
Avenida Circunvalacion
Avenida del Mediterraneo
Avenida de Mayo
Avenida Eva Peron (Ex Cordoba)
Avenidas Jonte y Nazca
Avenidas Juan B. Justo y Nazca
Avenue de La Liberte
Ave Nueve de Octubre
Avenue Victor Hugo
Av. Francia - Pedro Montt
Bancos Loop
Bando Lar
Barranca de Hueyetlaco
Barrel Portage
Beadon Road
Bolvar-e Enqelab-e Eslami
Bolvar-e Eqbal-e Lahuri
Boqueron
Boquerón
Bozorgrāh-e Modarres
Buena Vista Ferry (historical)
Buto Godar Lar
Buto Gudar Lar
Calle Balcarce
Camargo Ferry (historical)
Cambridge Circus
Cami de Claror
Cami de Coll de Turer
Cami de Fontargent
Cami de Juclar
Cami de la Borda del Cosp
Cami de la Collada de Ferreroles
Cami de la Collada de la Maiana
Cami de la Collada d'Enradort
Cami de la Collada de Sanfons
Cami de la Llobatera
Camí de la Moixella
Cami de la Muntanya
Cami de la Plana
Cami de la Solana
Cami de la Tallada
Cami del Cortal de la Serra
Cami de l' Ensegur
Cami de les Marrades
Cami de l' Estany de la Nou
Cami del Pi de la Creu
Cami del Pla del Bosc
Cami del Pla de les Pedres
Cami del Serrat Pla
Cami dels Estanys
Cami del Sisquero
Cami dels Matxos
Cami d' Escas
Cami de Sispony
Camino a Majaguilla
Camino de Cubitas
Camino de La Carretera
Camino de la Cordialidad
Camino del Diablo
Camino Del Diablo
Camino del Faro
Camino de los Siete Lagos
Camino de Munoz
Camino de Santiago
Camino la Via
Camino Madden
Camino Real de la Costa
Camino Real de la Habana
Camino Real del Medio
Camino Real Viejo de Cienfuegos
Camino Santa Fe San Pedro
Campana y Camarones
Campos Eliseos
Campos Elíseos
Canada del Oro Four
Canton Exit
Canton Ferry
Caopie
Caperton Ferry
Carrefour de Tsararano
Carrerada del Forn
Carrera de Dalt
Carrera del Mig
Carrera del Sola
Carrera de Montaup
Carretera a Topes de Collantes
Carretera Borinquen
Carretera Busot-El Campello
Carretera Busot-Jijona-Alicante
Carretera ( CV-701)
Carretera (CV-705)
Carretera ( C-V 711)
Carretera de Canolic
Carretera de la Comella
Carretera de la Juberrussa
Carretera de l' Aldosa
Carretera de la Peguera
Carretera de la Rabassa
Carretera de l' Estall
Carretera del Mas d'Alins
Carretera dels Cortals
Carretera de Nagol
Carretera d' Engolasters
Carretera de Santa Barbara
Carretera de Seturia
Carretera El Cajuil
Carretera Encortesa
Carretera Falcon-Zulia
Carretera General del Norte
Carretera General Martin Guemes
Carretera General Numero Duo
Carretera General Numero Tres
Carretera General Numero Un
Carretera Juan de Garay
Carretera Lara-Zulia
Carretera Troncal de Occidente
Carretera Valencia 703
Carretera Valencia 790
Carretera Valencia 7920
Carreterra Duarte
Cascade Tunnel
Casco Bay Ferry
Central Molo Feeder Road
Cerro Gordo Ferry (historical)
Chareaa el Anouar
Circular Quay
Circus Place
Corredor Turistico de Los Cabos
Cruce de Hacienda Vieja, Curridabat
Crucero de Malta
Crucero El Totumo
Crucero La Union
Cruces Las Torres
Cunard Place
Darb el-Bitan
Darb el-Sultan
Darb el-Sultani
Dounan Jiaoliudao
Drecera de Sant Marti
Duncan Canal Portage
Duwa Road End - Comunicamos.EU
El Capitan Trail
El Dorado Interchange
Eldridge Grade
Electra Tunnel
El Fkhit
Elgon Central Road
Elgon Soy Road
El Guerarib
El Kanntra
El Magta
El Mágta
El Mhafir
El-Mlaghi
El-Mugtáa
El Puente
El Rada Trail
El Roda
El Roḍa
Elsbos
El Toro Trail
El Tunel Internacional de Caracoles
El Túnel Internacional de Caracoles
El Viejo Expreso Patagonico
Empalme Ayacucho
Empalme Canuelas
Empalme Cañuelas
Empalme Crucecita
Empalme La Barrancosa
Empalme Loberia
Empalme Querandies
Empalme San Carlos
Entronque Ciego
Entronque de Choricera y Cauto
Entronque de Cuba y Cauto
Entronque Guanaibas
Entronque Jaguey
Entronque Mora
Entronque Oriente
Entronque Rincon
Entronque San Eduardo
Entronque Tacamara
Entronque Victoria
Entronque Yarigua
ESPLANADA
Esplanade
Estacion de Trenes
Estacion Empalme
Estación Empalme
Estacion Empalme Magdalena
Estación Empalme Magdalena
Estacion Metro Agua Salud
Ferrocarril Antofagasta a Salta
Ferrocarril Arica a la Paz
Ferrocarril Bosques de Chihuahua
Ferrocarril Coahuila y Zacatecas
Ferrocarril de Chihuahua al Pacifico
Ferrocarril del Pacifico
Ferrocarril de Nacozari
Ferrocarril Domingo Faustino Sarmiento
Ferrocarril el Potosi
Ferrocarril Empalme-Aguada-Las Carpas
Ferrocarriles del Estado
Ferrocarril General Belgrano
Ferrocarril General Roca
Ferrocarril General San Martin
Ferrocarril General Urquiza
Ferrocarril Guanta Naricual
Ferrocarril La Perla
Ferrocarril Mexicano Del Norte
Ferrocarril Nacional de Chiriqui
Ferrocarril Presidente Carlos A Lopez
Ferrocarril Sonora-Baja California
Ferrocarril Sur Pacifico
Ferrocarril Uyuni
Fundo Viejo
Gabriel Portage
Galleria del Frejus
Gara Muncel
Gare de triage de Paris-Tolbiac
Gaspar Rodriguez de Francia
Glacier Pass
Glacier Valley Glade Area Ski Trail
Glacier Way
Guyin Sueidao
Hacienda Tunnel
haesanteoneol
Khiaban-e Esteqlal
Laguna Meadows - Pinnacles Trail
Lambs Ferry
Landey Lar
la Rambla
La Rambla
Las Campas
Lede Xian
Lo A
Lo B
Lo C
Lo P
Lo S
Los Alamitos Circle
Los Alamos Truck Trail
Los Caballos Trail
Louisiana Avenue Ferry (historical)
Mafraq el Hamra
Mafraq Mihqane el Mazloum
Mafraq Mihqâne el Mazloûm
Malecon
Mandica Cesta
Marrades del Bruig
Marrades del Siscar
Marrades de Sorteny
Másrab el Gedaría
Megiddo Junction
Merrimac Ferry
Meydan-e Esteqlal
Meydān-e Esteqlāl
Mirad el-Menselem
Modoc Tunnel (historical)
Musallas el Roda
Nacional 340
Nad Vinici
Ndolos Corner
Nunez Ferry (historical)
Oleoducto Rio Zulia-Santa Marta
Oleoducto Sicasica-Arica
Oleoducto Submarino Sagoc
Pas del Xic
Paseo 21 de Mayo
Paseo del Morro
Pilarcitos Tunnel
Praca de Londres Nº 11
Presidential Way
Puente Carrion
Puente Rosario - Victoria
Puerco Espin Trail
Rasūl Bux Palejo Road
Rechuelos Trail
Recreacion Nacional Sendero de las Vientos
Rende Jiaoliudao
Resaca Ferry (historical)
Rio en Medio Trail
Rio Rico Calabasas Interchange
Rito Anastacio
roque perez 3900 (esq. Garcia del Rio)
Rua de Entrecampos N.º 14
Rua Dos Eucaliptos
Rue Bchara el Khouri
Rue Danton
Rue de Djerba
Rue de Jerba
Rue de la Comedie
Rue d'Enfer
Rue de Viane
Rue Mesmer
Ruta de Las Flores
Ruta Nacional Numero 7
Ruta Panamericana Carretera Libertador General San Martin
San Acacia-Polvadera Interchange
San Ignacio Interchange
Santa Fe Avenue
Sarcelo Lar Caravan Route
Sar Chilo Lar
Segovia, Plaza de San Lorenzo
Sendero Esperanza Trail
Sentrarand
Sligos Ferry (historical)
Sro Godar Lar
Sro Gudar Lar
Tariq el Baida
Tariq el Mzar
Tarîq es Soltani
Ţarq al Marj
Tel Aviv Promenade
Telos Tote Road
Toufen Jiaoliudao
Traforo del Gran San Bernardo
Trigh el Majabra
Tuel San Pedro
Túnel Alaor Prata
Tunel Bacacique Dos
Tunel Bacacique Uno
Tunel Budos
Tunel Cuesta de Zapata
Tunel de la Cumbre
Túnel de la Cumbre
Tunel de la Grupa
Tunel de La Llana
Túnel de La Llana
Tunel de Palos Quemados
Tunel de Pena
Tunel de Penalisa
Túnel do Joá
Tunel El Quillay
Túnel Enaldo Cravo Peixoto
Tunel La Cabra
Tunel las Raices
Túnel Noel Rosa
Tunel Sao Conrado
Tunnel de Frejus
Ulica Sejfulina
Ulitsa Esperanto
U Lodenice
Valencia-Sud
Valfragida
Vallecitos Trail
Verada Piedra Blanca
Vereda de las Cotorras
Vereda El Yunque
Vereda La Mina
Vereda Los Picachos
Vereda Rio de la Mina
Via Espana
Vial Blanc
Vial de la Roca
Vial de la Socarrada de Coll Carnisser
Vial del Bec
Vial de l' Escala
Vial de l' Estany Blau
Vial dels Pujols
Vial de Rubials
Via San Gregorio Armeno
Vidalia Ferry
Villa Canuelas
Villa el Salvador
V Lucinach
Xincao
Yiminxincun Suidao
(Young) 18 de Julio Y Montevideo
